This is pdfTeX, Version 3.141592653-2.6-1.40.28 (TeX Live 2025) (preloaded format=pdflatex 2025.6.17)  23 JUN 2025 11:00
entering extended mode
 restricted \write18 enabled.
 %&-line parsing enabled.
**Thesis_V1.tex
(./Thesis_V1.tex
LaTeX2e <2025-06-01> patch level 1
L3 programming layer <2025-05-26>
(c:/ProgramData/TinyTeX/texmf-dist/tex/latex/base/article.cls
Document Class: article 2025/01/22 v1.4n Standard LaTeX document class
(c:/ProgramData/TinyTeX/texmf-dist/tex/latex/base/size10.clo
File: size10.clo 2025/01/22 v1.4n Standard LaTeX file (size option)
)
\c@part=\count275
\c@section=\count276
\c@subsection=\count277
\c@subsubsection=\count278
\c@paragraph=\count279
\c@subparagraph=\count280
\c@figure=\count281
\c@table=\count282
\abovecaptionskip=\skip49
\belowcaptionskip=\skip50
\bibindent=\dimen148
) (./arxiv.sty (c:/ProgramData/TinyTeX/texmf-dist/tex/latex/geometry/geometry.sty
Package: geometry 2020/01/02 v5.9 Page Geometry
(c:/ProgramData/TinyTeX/texmf-dist/tex/latex/graphics/keyval.sty
Package: keyval 2022/05/29 v1.15 key=value parser (DPC)
\KV@toks@=\toks17
) (c:/ProgramData/TinyTeX/texmf-dist/tex/generic/iftex/ifvtex.sty
Package: ifvtex 2019/10/25 v1.7 ifvtex legacy package. Use iftex instead.
(c:/ProgramData/TinyTeX/texmf-dist/tex/generic/iftex/iftex.sty
Package: iftex 2024/12/12 v1.0g TeX engine tests
))
\Gm@cnth=\count283
\Gm@cntv=\count284
\c@Gm@tempcnt=\count285
\Gm@bindingoffset=\dimen149
\Gm@wd@mp=\dimen150
\Gm@odd@mp=\dimen151
\Gm@even@mp=\dimen152
\Gm@layoutwidth=\dimen153
\Gm@layoutheight=\dimen154
\Gm@layouthoffset=\dimen155
\Gm@layoutvoffset=\dimen156
\Gm@dimlist=\toks18
) (c:/ProgramData/TinyTeX/texmf-dist/tex/latex/fancyhdr/fancyhdr.sty
Package: fancyhdr 2025/02/07 v5.2 Extensive control of page headers and footers
\f@nch@headwidth=\skip51
\f@nch@offset@elh=\skip52
\f@nch@offset@erh=\skip53
\f@nch@offset@olh=\skip54
\f@nch@offset@orh=\skip55
\f@nch@offset@elf=\skip56
\f@nch@offset@erf=\skip57
\f@nch@offset@olf=\skip58
\f@nch@offset@orf=\skip59
\f@nch@height=\skip60
\f@nch@footalignment=\skip61
\f@nch@widthL=\skip62
\f@nch@widthC=\skip63
\f@nch@widthR=\skip64
\@temptokenb=\toks19
)
\@abovecaptionskip=\skip65
\@belowcaptionskip=\skip66
) (c:/ProgramData/TinyTeX/texmf-dist/tex/latex/base/inputenc.sty
Package: inputenc 2024/02/08 v1.3d Input encoding file
\inpenc@prehook=\toks20
\inpenc@posthook=\toks21
) (c:/ProgramData/TinyTeX/texmf-dist/tex/latex/base/fontenc.sty
Package: fontenc 2024/12/21 v2.1c Standard LaTeX package
LaTeX Font Info:    Trying to load font information for T1+ptm on input line 116.
(c:/ProgramData/TinyTeX/texmf-dist/tex/latex/psnfss/t1ptm.fd
File: t1ptm.fd 2001/06/04 font definitions for T1/ptm.
)) (c:/ProgramData/TinyTeX/texmf-dist/tex/latex/lm/lmodern.sty
Package: lmodern 2015/05/01 v1.6.1 Latin Modern Fonts
LaTeX Font Info:    Overwriting symbol font `operators' in version `normal'
(Font)                  OT1/cmr/m/n --> OT1/lmr/m/n on input line 22.
LaTeX Font Info:    Overwriting symbol font `letters' in version `normal'
(Font)                  OML/cmm/m/it --> OML/lmm/m/it on input line 23.
LaTeX Font Info:    Overwriting symbol font `symbols' in version `normal'
(Font)                  OMS/cmsy/m/n --> OMS/lmsy/m/n on input line 24.
LaTeX Font Info:    Overwriting symbol font `largesymbols' in version `normal'
(Font)                  OMX/cmex/m/n --> OMX/lmex/m/n on input line 25.
LaTeX Font Info:    Overwriting symbol font `operators' in version `bold'
(Font)                  OT1/cmr/bx/n --> OT1/lmr/bx/n on input line 26.
LaTeX Font Info:    Overwriting symbol font `letters' in version `bold'
(Font)                  OML/cmm/b/it --> OML/lmm/b/it on input line 27.
LaTeX Font Info:    Overwriting symbol font `symbols' in version `bold'
(Font)                  OMS/cmsy/b/n --> OMS/lmsy/b/n on input line 28.
LaTeX Font Info:    Overwriting symbol font `largesymbols' in version `bold'
(Font)                  OMX/cmex/m/n --> OMX/lmex/m/n on input line 29.
LaTeX Font Info:    Overwriting math alphabet `\mathbf' in version `normal'
(Font)                  OT1/cmr/bx/n --> OT1/lmr/bx/n on input line 31.
LaTeX Font Info:    Overwriting math alphabet `\mathsf' in version `normal'
(Font)                  OT1/cmss/m/n --> OT1/lmss/m/n on input line 32.
LaTeX Font Info:    Overwriting math alphabet `\mathit' in version `normal'
(Font)                  OT1/cmr/m/it --> OT1/lmr/m/it on input line 33.
LaTeX Font Info:    Overwriting math alphabet `\mathtt' in version `normal'
(Font)                  OT1/cmtt/m/n --> OT1/lmtt/m/n on input line 34.
LaTeX Font Info:    Overwriting math alphabet `\mathbf' in version `bold'
(Font)                  OT1/cmr/bx/n --> OT1/lmr/bx/n on input line 35.
LaTeX Font Info:    Overwriting math alphabet `\mathsf' in version `bold'
(Font)                  OT1/cmss/bx/n --> OT1/lmss/bx/n on input line 36.
LaTeX Font Info:    Overwriting math alphabet `\mathit' in version `bold'
(Font)                  OT1/cmr/bx/it --> OT1/lmr/bx/it on input line 37.
LaTeX Font Info:    Overwriting math alphabet `\mathtt' in version `bold'
(Font)                  OT1/cmtt/m/n --> OT1/lmtt/m/n on input line 38.
) (c:/ProgramData/TinyTeX/texmf-dist/tex/latex/hyperref/hyperref.sty
Package: hyperref 2025-05-20 v7.01m Hypertext links for LaTeX
(c:/ProgramData/TinyTeX/texmf-dist/tex/latex/kvsetkeys/kvsetkeys.sty
Package: kvsetkeys 2022-10-05 v1.19 Key value parser (HO)
) (c:/ProgramData/TinyTeX/texmf-dist/tex/generic/kvdefinekeys/kvdefinekeys.sty
Package: kvdefinekeys 2019-12-19 v1.6 Define keys (HO)
) (c:/ProgramData/TinyTeX/texmf-dist/tex/generic/pdfescape/pdfescape.sty
Package: pdfescape 2019/12/09 v1.15 Implements pdfTeX's escape features (HO)
(c:/ProgramData/TinyTeX/texmf-dist/tex/generic/ltxcmds/ltxcmds.sty
Package: ltxcmds 2023-12-04 v1.26 LaTeX kernel commands for general use (HO)
) (c:/ProgramData/TinyTeX/texmf-dist/tex/generic/pdftexcmds/pdftexcmds.sty
Package: pdftexcmds 2020-06-27 v0.33 Utility functions of pdfTeX for LuaTeX (HO)
(c:/ProgramData/TinyTeX/texmf-dist/tex/generic/infwarerr/infwarerr.sty
Package: infwarerr 2019/12/03 v1.5 Providing info/warning/error messages (HO)
)
Package pdftexcmds Info: \pdf@primitive is available.
Package pdftexcmds Info: \pdf@ifprimitive is available.
Package pdftexcmds Info: \pdfdraftmode found.
)) (c:/ProgramData/TinyTeX/texmf-dist/tex/latex/hycolor/hycolor.sty
Package: hycolor 2020-01-27 v1.10 Color options for hyperref/bookmark (HO)
) (c:/ProgramData/TinyTeX/texmf-dist/tex/latex/hyperref/nameref.sty
Package: nameref 2023-11-26 v2.56 Cross-referencing by name of section
(c:/ProgramData/TinyTeX/texmf-dist/tex/latex/refcount/refcount.sty
Package: refcount 2019/12/15 v3.6 Data extraction from label references (HO)
) (c:/ProgramData/TinyTeX/texmf-dist/tex/generic/gettitlestring/gettitlestring.sty
Package: gettitlestring 2019/12/15 v1.6 Cleanup title references (HO)
(c:/ProgramData/TinyTeX/texmf-dist/tex/latex/kvoptions/kvoptions.sty
Package: kvoptions 2022-06-15 v3.15 Key value format for package options (HO)
))
\c@section@level=\count286
) (c:/ProgramData/TinyTeX/texmf-dist/tex/latex/etoolbox/etoolbox.sty
Package: etoolbox 2025/02/11 v2.5l e-TeX tools for LaTeX (JAW)
\etb@tempcnta=\count287
) (c:/ProgramData/TinyTeX/texmf-dist/tex/generic/stringenc/stringenc.sty
Package: stringenc 2019/11/29 v1.12 Convert strings between diff. encodings (HO)
)
\@linkdim=\dimen157
\Hy@linkcounter=\count288
\Hy@pagecounter=\count289
(c:/ProgramData/TinyTeX/texmf-dist/tex/latex/hyperref/pd1enc.def
File: pd1enc.def 2025-05-20 v7.01m Hyperref: PDFDocEncoding definition (HO)
Now handling font encoding PD1 ...
... no UTF-8 mapping file for font encoding PD1
) (c:/ProgramData/TinyTeX/texmf-dist/tex/generic/intcalc/intcalc.sty
Package: intcalc 2019/12/15 v1.3 Expandable calculations with integers (HO)
)
\Hy@SavedSpaceFactor=\count290
(c:/ProgramData/TinyTeX/texmf-dist/tex/latex/hyperref/puenc.def
File: puenc.def 2025-05-20 v7.01m Hyperref: PDF Unicode definition (HO)
Now handling font encoding PU ...
... no UTF-8 mapping file for font encoding PU
)
Package hyperref Info: Hyper figures OFF on input line 4157.
Package hyperref Info: Link nesting OFF on input line 4162.
Package hyperref Info: Hyper index ON on input line 4165.
Package hyperref Info: Plain pages OFF on input line 4172.
Package hyperref Info: Backreferencing OFF on input line 4177.
Package hyperref Info: Implicit mode ON; LaTeX internals redefined.
Package hyperref Info: Bookmarks ON on input line 4424.
\c@Hy@tempcnt=\count291
(c:/ProgramData/TinyTeX/texmf-dist/tex/latex/url/url.sty
\Urlmuskip=\muskip17
Package: url 2013/09/16  ver 3.4  Verb mode for urls, etc.
)
LaTeX Info: Redefining \url on input line 4763.
\XeTeXLinkMargin=\dimen158
(c:/ProgramData/TinyTeX/texmf-dist/tex/generic/bitset/bitset.sty
Package: bitset 2019/12/09 v1.3 Handle bit-vector datatype (HO)
(c:/ProgramData/TinyTeX/texmf-dist/tex/generic/bigintcalc/bigintcalc.sty
Package: bigintcalc 2019/12/15 v1.5 Expandable calculations on big integers (HO)
))
\Fld@menulength=\count292
\Field@Width=\dimen159
\Fld@charsize=\dimen160
Package hyperref Info: Hyper figures OFF on input line 6042.
Package hyperref Info: Link nesting OFF on input line 6047.
Package hyperref Info: Hyper index ON on input line 6050.
Package hyperref Info: backreferencing OFF on input line 6057.
Package hyperref Info: Link coloring OFF on input line 6062.
Package hyperref Info: Link coloring with OCG OFF on input line 6067.
Package hyperref Info: PDF/A mode OFF on input line 6072.
(c:/ProgramData/TinyTeX/texmf-dist/tex/latex/base/atbegshi-ltx.sty
Package: atbegshi-ltx 2021/01/10 v1.0c Emulation of the original atbegshi
package with kernel methods
)
\Hy@abspage=\count293
\c@Item=\count294
\c@Hfootnote=\count295
)
Package hyperref Info: Driver (autodetected): hpdftex.
(c:/ProgramData/TinyTeX/texmf-dist/tex/latex/hyperref/hpdftex.def
File: hpdftex.def 2025-05-20 v7.01m Hyperref driver for pdfTeX
\Fld@listcount=\count296
\c@bookmark@seq@number=\count297
(c:/ProgramData/TinyTeX/texmf-dist/tex/latex/rerunfilecheck/rerunfilecheck.sty
Package: rerunfilecheck 2022-07-10 v1.10 Rerun checks for auxiliary files (HO)
(c:/ProgramData/TinyTeX/texmf-dist/tex/latex/base/atveryend-ltx.sty
Package: atveryend-ltx 2020/08/19 v1.0a Emulation of the original atveryend package
with kernel methods
) (c:/ProgramData/TinyTeX/texmf-dist/tex/generic/uniquecounter/uniquecounter.sty
Package: uniquecounter 2019/12/15 v1.4 Provide unlimited unique counter (HO)
)
Package uniquecounter Info: New unique counter `rerunfilecheck' on input line 285.
)
\Hy@SectionHShift=\skip67
) (c:/ProgramData/TinyTeX/texmf-dist/tex/latex/booktabs/booktabs.sty
Package: booktabs 2020/01/12 v1.61803398 Publication quality tables
\heavyrulewidth=\dimen161
\lightrulewidth=\dimen162
\cmidrulewidth=\dimen163
\belowrulesep=\dimen164
\belowbottomsep=\dimen165
\aboverulesep=\dimen166
\abovetopsep=\dimen167
\cmidrulesep=\dimen168
\cmidrulekern=\dimen169
\defaultaddspace=\dimen170
\@cmidla=\count298
\@cmidlb=\count299
\@aboverulesep=\dimen171
\@belowrulesep=\dimen172
\@thisruleclass=\count300
\@lastruleclass=\count301
\@thisrulewidth=\dimen173
) (c:/ProgramData/TinyTeX/texmf-dist/tex/latex/amsfonts/amsfonts.sty
Package: amsfonts 2013/01/14 v3.01 Basic AMSFonts support
\@emptytoks=\toks22
\symAMSa=\mathgroup4
\symAMSb=\mathgroup5
LaTeX Font Info:    Redeclaring math symbol \hbar on input line 98.
LaTeX Font Info:    Overwriting math alphabet `\mathfrak' in version `bold'
(Font)                  U/euf/m/n --> U/euf/b/n on input line 106.
) (c:/ProgramData/TinyTeX/texmf-dist/tex/latex/units/nicefrac.sty
Package: nicefrac 1998/08/04 v0.9b Nice fractions
\L@UnitsRaiseDisplaystyle=\skip68
\L@UnitsRaiseTextstyle=\skip69
\L@UnitsRaiseScriptstyle=\skip70
(c:/ProgramData/TinyTeX/texmf-dist/tex/latex/base/ifthen.sty
Package: ifthen 2024/03/16 v1.1e Standard LaTeX ifthen package (DPC)
)) (c:/ProgramData/TinyTeX/texmf-dist/tex/latex/microtype/microtype.sty
Package: microtype 2025/02/11 v3.2a Micro-typographical refinements (RS)
\MT@toks=\toks23
\MT@tempbox=\box53
\MT@count=\count302
LaTeX Info: Redefining \noprotrusionifhmode on input line 1087.
LaTeX Info: Redefining \leftprotrusion on input line 1088.
\MT@prot@toks=\toks24
LaTeX Info: Redefining \rightprotrusion on input line 1107.
LaTeX Info: Redefining \textls on input line 1449.
\MT@outer@kern=\dimen174
LaTeX Info: Redefining \microtypecontext on input line 2053.
LaTeX Info: Redefining \textmicrotypecontext on input line 2070.
\MT@listname@count=\count303
(c:/ProgramData/TinyTeX/texmf-dist/tex/latex/microtype/microtype-pdftex.def
File: microtype-pdftex.def 2025/02/11 v3.2a Definitions specific to pdftex (RS)
LaTeX Info: Redefining \lsstyle on input line 944.
LaTeX Info: Redefining \lslig on input line 944.
\MT@outer@space=\skip71
)
Package microtype Info: Loading configuration file microtype.cfg.
(c:/ProgramData/TinyTeX/texmf-dist/tex/latex/microtype/microtype.cfg
File: microtype.cfg 2025/02/11 v3.2a microtype main configuration file (RS)
)
LaTeX Info: Redefining \microtypesetup on input line 3065.
) (c:/ProgramData/TinyTeX/texmf-dist/tex/latex/graphics/graphicx.sty
Package: graphicx 2024/12/31 v1.2e Enhanced LaTeX Graphics (DPC,SPQR)
(c:/ProgramData/TinyTeX/texmf-dist/tex/latex/graphics/graphics.sty
Package: graphics 2024/08/06 v1.4g Standard LaTeX Graphics (DPC,SPQR)
(c:/ProgramData/TinyTeX/texmf-dist/tex/latex/graphics/trig.sty
Package: trig 2023/12/02 v1.11 sin cos tan (DPC)
) (c:/ProgramData/TinyTeX/texmf-dist/tex/latex/graphics-cfg/graphics.cfg
File: graphics.cfg 2016/06/04 v1.11 sample graphics configuration
)
Package graphics Info: Driver file: pdftex.def on input line 106.
(c:/ProgramData/TinyTeX/texmf-dist/tex/latex/graphics-def/pdftex.def
File: pdftex.def 2024/04/13 v1.2c Graphics/color driver for pdftex
))
\Gin@req@height=\dimen175
\Gin@req@width=\dimen176
)
\cslhangindent=\skip72
\csllabelwidth=\skip73
(c:/ProgramData/TinyTeX/texmf-dist/tex/latex/tools/calc.sty
Package: calc 2025/03/01 v4.3b Infix arithmetic (KKT,FJ)
\calc@Acount=\count304
\calc@Bcount=\count305
\calc@Adimen=\dimen177
\calc@Bdimen=\dimen178
\calc@Askip=\skip74
\calc@Bskip=\skip75
LaTeX Info: Redefining \setlength on input line 86.
LaTeX Info: Redefining \addtolength on input line 87.
\calc@Ccount=\count306
\calc@Cskip=\skip76
)
LaTeX Font Info:    Trying to load font information for T1+lmr on input line 80.
(c:/ProgramData/TinyTeX/texmf-dist/tex/latex/lm/t1lmr.fd
File: t1lmr.fd 2015/05/01 v1.6.1 Font defs for Latin Modern
) (c:/ProgramData/TinyTeX/texmf-dist/tex/latex/l3backend/l3backend-pdftex.def
File: l3backend-pdftex.def 2025-04-14 L3 backend support: PDF output (pdfTeX)
\l__color_backend_stack_int=\count307
) (./Thesis_V1.aux

LaTeX Warning: Label `fig:Model_4' multiply defined.

)
\openout1 = `Thesis_V1.aux'.

LaTeX Font Info:    Checking defaults for OML/cmm/m/it on input line 80.
LaTeX Font Info:    ... okay on input line 80.
LaTeX Font Info:    Checking defaults for OMS/cmsy/m/n on input line 80.
LaTeX Font Info:    ... okay on input line 80.
LaTeX Font Info:    Checking defaults for OT1/cmr/m/n on input line 80.
LaTeX Font Info:    ... okay on input line 80.
LaTeX Font Info:    Checking defaults for T1/cmr/m/n on input line 80.
LaTeX Font Info:    ... okay on input line 80.
LaTeX Font Info:    Checking defaults for TS1/cmr/m/n on input line 80.
LaTeX Font Info:    ... okay on input line 80.
LaTeX Font Info:    Checking defaults for OMX/cmex/m/n on input line 80.
LaTeX Font Info:    ... okay on input line 80.
LaTeX Font Info:    Checking defaults for U/cmr/m/n on input line 80.
LaTeX Font Info:    ... okay on input line 80.
LaTeX Font Info:    Checking defaults for PD1/pdf/m/n on input line 80.
LaTeX Font Info:    ... okay on input line 80.
LaTeX Font Info:    Checking defaults for PU/pdf/m/n on input line 80.
LaTeX Font Info:    ... okay on input line 80.
*geometry* driver: auto-detecting
*geometry* detected driver: pdftex
*geometry* verbose mode - [ preamble ] result:
* driver: pdftex
* paper: letterpaper
* layout: <same size as paper>
* layoutoffset:(h,v)=(0.0pt,0.0pt)
* modes: 
* h-part:(L,W,R)=(92.14519pt, 430.00462pt, 92.14519pt)
* v-part:(T,H,B)=(95.39737pt, 556.47656pt, 143.09605pt)
* \paperwidth=614.295pt
* \paperheight=794.96999pt
* \textwidth=430.00462pt
* \textheight=556.47656pt
* \oddsidemargin=19.8752pt
* \evensidemargin=19.8752pt
* \topmargin=-13.87262pt
* \headheight=12.0pt
* \headsep=25.0pt
* \topskip=10.0pt
* \footskip=30.0pt
* \marginparwidth=65.0pt
* \marginparsep=11.0pt
* \columnsep=10.0pt
* \skip\footins=9.0pt plus 4.0pt minus 2.0pt
* \hoffset=0.0pt
* \voffset=0.0pt
* \mag=1000
* \@twocolumnfalse
* \@twosidefalse
* \@mparswitchfalse
* \@reversemarginfalse
* (1in=72.27pt=25.4mm, 1cm=28.453pt)

*geometry* verbose mode - [ newgeometry ] result:
* driver: pdftex
* paper: letterpaper
* layout: <same size as paper>
* layoutoffset:(h,v)=(0.0pt,0.0pt)
* modes: 
* h-part:(L,W,R)=(72.27pt, 469.75499pt, 72.27pt)
* v-part:(T,H,B)=(72.26999pt, 650.43pt, 72.27pt)
* \paperwidth=614.295pt
* \paperheight=794.96999pt
* \textwidth=469.75499pt
* \textheight=650.43pt
* \oddsidemargin=0.00002pt
* \evensidemargin=0.00002pt
* \topmargin=-39.0pt
* \headheight=14.0pt
* \headsep=25.0pt
* \topskip=10.0pt
* \footskip=30.0pt
* \marginparwidth=65.0pt
* \marginparsep=11.0pt
* \columnsep=10.0pt
* \skip\footins=9.0pt plus 4.0pt minus 2.0pt
* \hoffset=0.0pt
* \voffset=0.0pt
* \mag=1000
* \@twocolumnfalse
* \@twosidefalse
* \@mparswitchfalse
* \@reversemarginfalse
* (1in=72.27pt=25.4mm, 1cm=28.453pt)

Package hyperref Info: Link coloring OFF on input line 80.
(./Thesis_V1.out) (./Thesis_V1.out)
\@outlinefile=\write3
\openout3 = `Thesis_V1.out'.

LaTeX Info: Redefining \microtypecontext on input line 80.
Package microtype Info: Applying patch `item' on input line 80.
Package microtype Info: Applying patch `toc' on input line 80.
Package microtype Info: Applying patch `eqnum' on input line 80.
Package microtype Info: Applying patch `footnote' on input line 80.
Package microtype Info: Applying patch `verbatim' on input line 80.
LaTeX Info: Redefining \microtypesetup on input line 80.
Package microtype Info: Generating PDF output.
Package microtype Info: Character protrusion enabled (level 2).
Package microtype Info: Using default protrusion set `alltext'.
Package microtype Info: Automatic font expansion enabled (level 2),
(microtype)             stretch: 20, shrink: 20, step: 1, non-selected.
Package microtype Info: Using default expansion set `alltext-nott'.

LaTeX Warning: Command \showhyphens   has changed.
               Check if current package is valid.

LaTeX Info: Redefining \showhyphens on input line 80.
Package microtype Info: No adjustment of tracking.
Package microtype Info: No adjustment of interword spacing.
Package microtype Info: No adjustment of character kerning.
(c:/ProgramData/TinyTeX/texmf-dist/tex/latex/microtype/mt-cmr.cfg
File: mt-cmr.cfg 2013/05/19 v2.2 microtype config. file: Computer Modern Roman (RS)
) (c:/ProgramData/TinyTeX/texmf-dist/tex/context/base/mkii/supp-pdf.mkii
[Loading MPS to PDF converter (version 2006.09.02).]
\scratchcounter=\count308
\scratchdimen=\dimen179
\scratchbox=\box54
\nofMPsegments=\count309
\nofMParguments=\count310
\everyMPshowfont=\toks25
\MPscratchCnt=\count311
\MPscratchDim=\dimen180
\MPnumerator=\count312
\makeMPintoPDFobject=\count313
\everyMPtoPDFconversion=\toks26
) (c:/ProgramData/TinyTeX/texmf-dist/tex/latex/epstopdf-pkg/epstopdf-base.sty
Package: epstopdf-base 2020-01-24 v2.11 Base part for package epstopdf
Package epstopdf-base Info: Redefining graphics rule for `.eps' on input line 485.
(c:/ProgramData/TinyTeX/texmf-dist/tex/latex/latexconfig/epstopdf-sys.cfg
File: epstopdf-sys.cfg 2010/07/13 v1.3 Configuration of (r)epstopdf for TeX Live
))
Package microtype Info: Character `029' is missing
(microtype)             in font `T1/lmr/m/sc/17.28'.
(microtype)             Ignoring protrusion settings for this character.
Package microtype Info: Character `029' is missing
(microtype)             in font `T1/lmr/m/sc/10'.
(microtype)             Ignoring protrusion settings for this character.
LaTeX Font Info:    Trying to load font information for OT1+lmr on input line 82.
(c:/ProgramData/TinyTeX/texmf-dist/tex/latex/lm/ot1lmr.fd
File: ot1lmr.fd 2015/05/01 v1.6.1 Font defs for Latin Modern
)
LaTeX Font Info:    Trying to load font information for OML+lmm on input line 82.
(c:/ProgramData/TinyTeX/texmf-dist/tex/latex/lm/omllmm.fd
File: omllmm.fd 2015/05/01 v1.6.1 Font defs for Latin Modern
)
LaTeX Font Info:    Trying to load font information for OMS+lmsy on input line 82.
(c:/ProgramData/TinyTeX/texmf-dist/tex/latex/lm/omslmsy.fd
File: omslmsy.fd 2015/05/01 v1.6.1 Font defs for Latin Modern
)
LaTeX Font Info:    Trying to load font information for OMX+lmex on input line 82.
(c:/ProgramData/TinyTeX/texmf-dist/tex/latex/lm/omxlmex.fd
File: omxlmex.fd 2015/05/01 v1.6.1 Font defs for Latin Modern
)
LaTeX Font Info:    External font `lmex10' loaded for size
(Font)              <10> on input line 82.
LaTeX Font Info:    External font `lmex10' loaded for size
(Font)              <7> on input line 82.
LaTeX Font Info:    External font `lmex10' loaded for size
(Font)              <5> on input line 82.
LaTeX Font Info:    Trying to load font information for U+msa on input line 82.
(c:/ProgramData/TinyTeX/texmf-dist/tex/latex/amsfonts/umsa.fd
File: umsa.fd 2013/01/14 v3.01 AMS symbols A
) (c:/ProgramData/TinyTeX/texmf-dist/tex/latex/microtype/mt-msa.cfg
File: mt-msa.cfg 2006/02/04 v1.1 microtype config. file: AMS symbols (a) (RS)
)
LaTeX Font Info:    Trying to load font information for U+msb on input line 82.
(c:/ProgramData/TinyTeX/texmf-dist/tex/latex/amsfonts/umsb.fd
File: umsb.fd 2013/01/14 v3.01 AMS symbols B
) (c:/ProgramData/TinyTeX/texmf-dist/tex/latex/microtype/mt-msb.cfg
File: mt-msb.cfg 2005/06/01 v1.0 microtype config. file: AMS symbols (b) (RS)
)
LaTeX Font Info:    Trying to load font information for T1+lmtt on input line 82.
(c:/ProgramData/TinyTeX/texmf-dist/tex/latex/lm/t1lmtt.fd
File: t1lmtt.fd 2015/05/01 v1.6.1 Font defs for Latin Modern
)
Package microtype Info: Loading generic protrusion settings for font family
(microtype)             `lmtt' (encoding: T1).
(microtype)             For optimal results, create family-specific settings.
(microtype)             See the microtype manual for details.

LaTeX Font Warning: Font shape `T1/lmr/bx/sc' undefined
(Font)              using `T1/lmr/bx/n' instead on input line 84.



[1


{c:/ProgramData/TinyTeX/texmf-var/fonts/map/pdftex/updmap/pdftex.map}{c:/ProgramData/TinyTeX/texmf-dist/fonts/enc/dvips/lm/lm-ec.enc}{c:/ProgramData/TinyTeX/texmf-dist/fonts/enc/dvips/lm/lm-mathsy.enc}]
Underfull \vbox (badness 10000) has occurred while \output is active []



Package microtype Info: Character `029' is missing
(microtype)             in font `T1/lmr/m/sc/9'.
(microtype)             Ignoring protrusion settings for this character.
[2]

[3]

[4]

[5]

[6{c:/ProgramData/TinyTeX/texmf-dist/fonts/enc/dvips/lm/lm-mathit.enc}{c:/ProgramData/TinyTeX/texmf-dist/fonts/enc/dvips/lm/lm-rm.enc}{c:/ProgramData/TinyTeX/texmf-dist/fonts/enc/dvips/lm/lm-mathex.enc}]
LaTeX Font Info:    Trying to load font information for TS1+lmr on input line 643.
(c:/ProgramData/TinyTeX/texmf-dist/tex/latex/lm/ts1lmr.fd
File: ts1lmr.fd 2015/05/01 v1.6.1 Font defs for Latin Modern
)

[7{c:/ProgramData/TinyTeX/texmf-dist/fonts/enc/dvips/lm/lm-ts1.enc}]
Underfull \hbox (badness 6893) in paragraph at lines 695--698
[]\T1/lmr/m/n/10 (+20) Primary_Vax_Rate ~ age_12to17_logratio + age_18to54_logratio + age_55to64_logratio +
 []


Underfull \hbox (badness 6893) in paragraph at lines 711--718
[]\T1/lmr/m/n/10 (+20) Primary_Vax_Rate ~ age_12to17_logratio + age_18to54_logratio + age_55to64_logratio +
 []


Underfull \hbox (badness 10000) in paragraph at lines 711--718
\T1/lmr/m/n/10 (+20) + edu_Apprenticeship_logratio + edu_HonoursBachelor_logratio + health_VeryBad_logratio
 []


Underfull \hbox (badness 6348) in paragraph at lines 711--718
\T1/lmr/m/n/10 (+20) + health_Bad_logratio + health_Fair_logratio + health_Good_logratio + male_logratio +
 []


Underfull \hbox (badness 6893) in paragraph at lines 740--747
[]\T1/lmr/m/n/10 (+20) Primary_Vax_Rate ~ age_12to17_logratio + age_18to54_logratio + age_55to64_logratio +
 []


Underfull \hbox (badness 3536) in paragraph at lines 740--747
\T1/lmr/m/n/10 (+20) + edu_Apprenticeship_logratio + edu_HonoursBachelor_logratio + health_VeryBad_logratio +
 []


Underfull \hbox (badness 6893) in paragraph at lines 762--769
[]\T1/lmr/m/n/10 (+20) Primary_Vax_Rate ~ age_12to17_logratio + age_18to54_logratio + age_55to64_logratio +
 []


Underfull \hbox (badness 10000) in paragraph at lines 762--769
\T1/lmr/m/n/10 (+20) + edu_Apprenticeship_logratio + edu_HonoursBachelor_logratio + health_VeryBad_logratio
 []


Underfull \hbox (badness 6348) in paragraph at lines 762--769
\T1/lmr/m/n/10 (+20) + health_Bad_logratio + health_Fair_logratio + health_Good_logratio + male_logratio +
 []


Underfull \vbox (badness 10000) has occurred while \output is active []



[8]
<Figures/sigmoid_curve.png, id=106, 578.16pt x 433.62pt>
File: Figures/sigmoid_curve.png Graphic file (type png)
<use Figures/sigmoid_curve.png>
Package pdftex.def Info: Figures/sigmoid_curve.png  used on input line 853.
(pdftex.def)             Requested size: 375.80542pt x 281.84966pt.

Package hyperref Warning: Difference (2) between bookmark levels is greater 
(hyperref)                than one, level fixed on input line 860.



[9]
<Figures/age_proportion_12to17.png, id=112, 1081.03876pt x 426.393pt>
File: Figures/age_proportion_12to17.png Graphic file (type png)
<use Figures/age_proportion_12to17.png>
Package pdftex.def Info: Figures/age_proportion_12to17.png  used on input line 886.
(pdftex.def)             Requested size: 187.89912pt x 74.1124pt.
<Figures/age_proportion_18to54.png, id=113, 1081.03876pt x 426.393pt>
File: Figures/age_proportion_18to54.png Graphic file (type png)
<use Figures/age_proportion_18to54.png>
Package pdftex.def Info: Figures/age_proportion_18to54.png  used on input line 887.
(pdftex.def)             Requested size: 187.89912pt x 74.1124pt.
<Figures/age_proportion_55to64.png, id=114, 1081.03876pt x 426.393pt>
File: Figures/age_proportion_55to64.png Graphic file (type png)
<use Figures/age_proportion_55to64.png>
Package pdftex.def Info: Figures/age_proportion_55to64.png  used on input line 893.
(pdftex.def)             Requested size: 187.89912pt x 74.1124pt.
<Figures/age_proportion_65to70.png, id=115, 1081.03876pt x 426.393pt>
File: Figures/age_proportion_65to70.png Graphic file (type png)
<use Figures/age_proportion_65to70.png>
Package pdftex.def Info: Figures/age_proportion_65to70.png  used on input line 894.
(pdftex.def)             Requested size: 187.89912pt x 74.1124pt.
<Figures/age_proportion_71plus.png, id=116, 1081.03876pt x 426.393pt>
File: Figures/age_proportion_71plus.png Graphic file (type png)
<use Figures/age_proportion_71plus.png>
Package pdftex.def Info: Figures/age_proportion_71plus.png  used on input line 900.
(pdftex.def)             Requested size: 281.85585pt x 111.17186pt.


[10 <./Figures/sigmoid_curve.png> <./Figures/age_proportion_12to17.png> <./Figures/age_proportion_18to54.png>]
<Figures/health_proportion_VeryBad.png, id=126, 1081.03876pt x 426.393pt>
File: Figures/health_proportion_VeryBad.png Graphic file (type png)
<use Figures/health_proportion_VeryBad.png>
Package pdftex.def Info: Figures/health_proportion_VeryBad.png  used on input line 957.
(pdftex.def)             Requested size: 234.87749pt x 92.64214pt.
<Figures/health_proportion_bad.png, id=127, 1081.03876pt x 426.393pt>
File: Figures/health_proportion_bad.png Graphic file (type png)
<use Figures/health_proportion_bad.png>
Package pdftex.def Info: Figures/health_proportion_bad.png  used on input line 958.
(pdftex.def)             Requested size: 234.87749pt x 92.64214pt.
<Figures/health_proportion_fair.png, id=128, 1081.03876pt x 426.393pt>
File: Figures/health_proportion_fair.png Graphic file (type png)
<use Figures/health_proportion_fair.png>
Package pdftex.def Info: Figures/health_proportion_fair.png  used on input line 959.
(pdftex.def)             Requested size: 234.87749pt x 92.64214pt.
<Figures/health_proportion_good.png, id=129, 1081.03876pt x 426.393pt>
File: Figures/health_proportion_good.png Graphic file (type png)
<use Figures/health_proportion_good.png>
Package pdftex.def Info: Figures/health_proportion_good.png  used on input line 960.
(pdftex.def)             Requested size: 234.87749pt x 92.64214pt.
<Figures/health_proportion_VeryGood.png, id=130, 1081.03876pt x 426.393pt>
File: Figures/health_proportion_VeryGood.png Graphic file (type png)
<use Figures/health_proportion_VeryGood.png>
Package pdftex.def Info: Figures/health_proportion_VeryGood.png  used on input line 961.
(pdftex.def)             Requested size: 234.87749pt x 92.64214pt.


[11 <./Figures/age_proportion_55to64.png> <./Figures/age_proportion_65to70.png> <./Figures/age_proportion_71plus.png>]

[12 <./Figures/health_proportion_VeryBad.png> <./Figures/health_proportion_bad.png> <./Figures/health_proportion_fair.png> <./Figures/health_proportion_good.png> <./Figures/health_proportion_VeryGood.png>]
<Figures/deprivation_index.png, id=150, 688.37175pt x 426.393pt>
File: Figures/deprivation_index.png Graphic file (type png)
<use Figures/deprivation_index.png>
Package pdftex.def Info: Figures/deprivation_index.png  used on input line 1004.
(pdftex.def)             Requested size: 187.89912pt x 116.38985pt.
<Figures/female_unemployment_rate.png, id=151, 688.37175pt x 426.393pt>
File: Figures/female_unemployment_rate.png Graphic file (type png)
<use Figures/female_unemployment_rate.png>
Package pdftex.def Info: Figures/female_unemployment_rate.png  used on input line 1005.
(pdftex.def)             Requested size: 187.89912pt x 116.38985pt.
<Figures/male_unemployment_rate.png, id=152, 688.37175pt x 426.393pt>
File: Figures/male_unemployment_rate.png Graphic file (type png)
<use Figures/male_unemployment_rate.png>
Package pdftex.def Info: Figures/male_unemployment_rate.png  used on input line 1006.
(pdftex.def)             Requested size: 187.89912pt x 116.38985pt.
<Figures/Model_1.png, id=153, 432.11438pt x 289.83281pt>
File: Figures/Model_1.png Graphic file (type png)
<use Figures/Model_1.png>
Package pdftex.def Info: Figures/Model_1.png  used on input line 1020.
(pdftex.def)             Requested size: 375.80542pt x 252.07289pt.
<Figures/marginal_effects_age0.png, id=154, 578.16pt x 433.62pt>
File: Figures/marginal_effects_age0.png Graphic file (type png)
<use Figures/marginal_effects_age0.png>
Package pdftex.def Info: Figures/marginal_effects_age0.png  used on input line 1034.
(pdftex.def)             Requested size: 234.87749pt x 176.15768pt.
<Figures/marginal_effects_sex0.png, id=155, 578.16pt x 433.62pt>
File: Figures/marginal_effects_sex0.png Graphic file (type png)
<use Figures/marginal_effects_sex0.png>
Package pdftex.def Info: Figures/marginal_effects_sex0.png  used on input line 1035.
(pdftex.def)             Requested size: 234.87749pt x 176.15768pt.

Underfull \vbox (badness 2326) has occurred while \output is active []



[13 <./Figures/deprivation_index.png (PNG copy)> <./Figures/female_unemployment_rate.png (PNG copy)> <./Figures/male_unemployment_rate.png (PNG copy)>]
<Figures/Model_2.png, id=162, 495.35063pt x 660.96938pt>
File: Figures/Model_2.png Graphic file (type png)
<use Figures/Model_2.png>
Package pdftex.def Info: Figures/Model_2.png  used on input line 1077.
(pdftex.def)             Requested size: 375.80542pt x 501.4544pt.
<Figures/marginal_effects_age.png, id=163, 578.16pt x 433.62pt>
File: Figures/marginal_effects_age.png Graphic file (type png)
<use Figures/marginal_effects_age.png>
Package pdftex.def Info: Figures/marginal_effects_age.png  used on input line 1096.
(pdftex.def)             Requested size: 140.92792pt x 105.69196pt.
<Figures/marginal_effects_sex.png, id=164, 578.16pt x 433.62pt>
File: Figures/marginal_effects_sex.png Graphic file (type png)
<use Figures/marginal_effects_sex.png>
Package pdftex.def Info: Figures/marginal_effects_sex.png  used on input line 1097.
(pdftex.def)             Requested size: 140.92792pt x 105.69196pt.
<Figures/marginal_effects_education.png, id=165, 578.16pt x 433.62pt>
File: Figures/marginal_effects_education.png Graphic file (type png)
<use Figures/marginal_effects_education.png>
Package pdftex.def Info: Figures/marginal_effects_education.png  used on input line 1098.
(pdftex.def)             Requested size: 140.92792pt x 105.69196pt.
<Figures/marginal_effects_health.png, id=166, 578.16pt x 433.62pt>
File: Figures/marginal_effects_health.png Graphic file (type png)
<use Figures/marginal_effects_health.png>
Package pdftex.def Info: Figures/marginal_effects_health.png  used on input line 1099.
(pdftex.def)             Requested size: 140.92792pt x 105.69196pt.
<Figures/marginal_effects_access.png, id=167, 578.16pt x 433.62pt>
File: Figures/marginal_effects_access.png Graphic file (type png)
<use Figures/marginal_effects_access.png>
Package pdftex.def Info: Figures/marginal_effects_access.png  used on input line 1100.
(pdftex.def)             Requested size: 140.92792pt x 105.69196pt.
<Figures/Model_3.png, id=168, 568.37344pt x 621.82312pt>
File: Figures/Model_3.png Graphic file (type png)
<use Figures/Model_3.png>
Package pdftex.def Info: Figures/Model_3.png  used on input line 1122.
(pdftex.def)             Requested size: 375.80542pt x 411.16357pt.


[14 <./Figures/Model_1.png>]
<Figures/Model_4.png, id=175, 945.5325pt x 688.82344pt>
File: Figures/Model_4.png Graphic file (type png)
<use Figures/Model_4.png>
Package pdftex.def Info: Figures/Model_4.png  used on input line 1155.
(pdftex.def)             Requested size: 375.80542pt x 273.77974pt.
<Figures/depri_plot.png, id=176, 578.16pt x 433.62pt>
File: Figures/depri_plot.png Graphic file (type png)
<use Figures/depri_plot.png>
Package pdftex.def Info: Figures/depri_plot.png  used on input line 1180.
(pdftex.def)             Requested size: 375.80542pt x 281.84966pt.

Underfull \vbox (badness 10000) has occurred while \output is active []



[15 <./Figures/marginal_effects_age0.png> <./Figures/marginal_effects_sex0.png>]

[16 <./Figures/Model_2.png>]
<Figures/Model_5.png, id=192, 645.16031pt x 432.11438pt>
File: Figures/Model_5.png Graphic file (type png)
<use Figures/Model_5.png>
Package pdftex.def Info: Figures/Model_5.png  used on input line 1197.
(pdftex.def)             Requested size: 375.80542pt x 251.70125pt.
<Figures/plot_male_jd.png, id=193, 578.16pt x 433.62pt>
File: Figures/plot_male_jd.png Graphic file (type png)
<use Figures/plot_male_jd.png>
Package pdftex.def Info: Figures/plot_male_jd.png  used on input line 1204.
(pdftex.def)             Requested size: 234.87749pt x 176.15768pt.
<Figures/plot_female_jd.png, id=194, 578.16pt x 433.62pt>
File: Figures/plot_female_jd.png Graphic file (type png)
<use Figures/plot_female_jd.png>
Package pdftex.def Info: Figures/plot_female_jd.png  used on input line 1205.
(pdftex.def)             Requested size: 234.87749pt x 176.15768pt.
File: Figures/Model_5.png Graphic file (type png)
<use Figures/Model_5.png>
Package pdftex.def Info: Figures/Model_5.png  used on input line 1226.
(pdftex.def)             Requested size: 375.80542pt x 251.70125pt.
<Figures/Top_LEA.png, id=195, 578.16pt x 433.62pt>
File: Figures/Top_LEA.png Graphic file (type png)
<use Figures/Top_LEA.png>
Package pdftex.def Info: Figures/Top_LEA.png  used on input line 1255.
(pdftex.def)             Requested size: 375.80542pt x 281.84966pt.
<Figures/Bottom_LEA.png, id=196, 578.16pt x 433.62pt>
File: Figures/Bottom_LEA.png Graphic file (type png)
<use Figures/Bottom_LEA.png>
Package pdftex.def Info: Figures/Bottom_LEA.png  used on input line 1262.
(pdftex.def)             Requested size: 375.80542pt x 281.84966pt.

Underfull \vbox (badness 10000) has occurred while \output is active []



[17 <./Figures/marginal_effects_age.png> <./Figures/marginal_effects_sex.png> <./Figures/marginal_effects_education.png> <./Figures/marginal_effects_health.png> <./Figures/marginal_effects_access.png>]

[18 <./Figures/Model_3.png>]

[19 <./Figures/Model_4.png> <./Figures/depri_plot.png>]

[20 <./Figures/Model_5.png>]
Underfull \hbox (badness 1902) in paragraph at lines 1396--1399
[]\T1/lmr/m/n/10 (+20) ``COVID-19 Vac-cine Roll-out at Phar-ma-cies Ex-panded to In-clude Younger Age Groups.'' n.d.
 []



[21 <./Figures/plot_male_jd.png> <./Figures/plot_female_jd.png>]

[22 <./Figures/Top_LEA.png>]
Underfull \hbox (badness 10000) in paragraph at lines 1431--1434
[]\T1/lmr/m/n/10 (+20) Government of Ire-land. 2020. ``COVID-19 Vac-ci-na-tion Strat-egy and Im-ple-
 []


Underfull \hbox (badness 10000) in paragraph at lines 1431--1434
\T1/lmr/m/n/10 (+20) men-ta-tion Plan.'' []$\T1/lmtt/m/n/10 https : / / www . gov . ie / en / department-[]of-[]health / publications /
 []


Underfull \hbox (badness 6016) in paragraph at lines 1436--1439
[]\T1/lmr/m/n/10 (+20) Health Pro-tec-tion Surveil-lance Cen-tre. 2021a. ``COVID-19 Vac-ci-na-tion Up-take Re-ports
 []


Underfull \hbox (badness 10000) in paragraph at lines 1441--1444
\T1/lmtt/m/n/10 respiratory / coronavirus / novelcoronavirus / vaccination / covid-[]19vaccinationuptakereports /
 []



[23 <./Figures/Bottom_LEA.png>]
Overfull \hbox (0.80826pt too wide) in paragraph at lines 1474--1478
[]\T1/lmr/m/n/10 (-20) ``Minister for Health Con-firms That Ire-land's COVID-19 Vac-ci-na-tion Pro-gramme Will Open to 12-15 Year Olds.''
 []


Overfull \hbox (94.77563pt too wide) in paragraph at lines 1474--1478
\T1/lmtt/m/n/10 minister-[]for-[]health-[]confirms-[]that-[]irelands-[]covid-[]19-[]vaccination-[]programme-[]will-[]open-[]to-[]12-[]15-[]year-[]olds/$[]\T1/lmr/m/n/10 (-20) . 
 []

No file Thesis_V1.bbl.


[24] (./Thesis_V1.aux)
 ***********
LaTeX2e <2025-06-01> patch level 1
L3 programming layer <2025-05-26>
 ***********

LaTeX Font Warning: Some font shapes were not available, defaults substituted.


LaTeX Warning: There were multiply-defined labels.

Package rerunfilecheck Info: File `Thesis_V1.out' has not changed.
(rerunfilecheck)             Checksum: 41905CE216AB80A9D898CF6FCF5F7CC7;1884.
 ) 
Here is how much of TeX's memory you used:
 12643 strings out of 469824
 207230 string characters out of 5483040
 639303 words of memory out of 5000000
 40519 multiletter control sequences out of 15000+600000
 680556 words of font info for 148 fonts, out of 8000000 for 9000
 36 hyphenation exceptions out of 8191
 75i,13n,79p,1006b,549s stack positions out of 10000i,1000n,20000p,200000b,200000s
<c:/ProgramData/TinyTeX/texmf-dist/fonts/type1/public/lm/lmbx10.pfb><c:/ProgramData/TinyTeX/texmf-dist/fonts/type1/public/lm/lmbx12.pfb><c:/ProgramData/TinyTeX/texmf-dist/fonts/type1/public/lm/lmbxi10.pfb><c:/ProgramData/TinyTeX/texmf-dist/fonts/type1/public/lm/lmcsc10.pfb><c:/ProgramData/TinyTeX/texmf-dist/fonts/type1/public/lm/lmex10.pfb><c:/ProgramData/TinyTeX/texmf-dist/fonts/type1/public/lm/lmmi10.pfb><c:/ProgramData/TinyTeX/texmf-dist/fonts/type1/public/lm/lmmi7.pfb><c:/ProgramData/TinyTeX/texmf-dist/fonts/type1/public/lm/lmr10.pfb><c:/ProgramData/TinyTeX/texmf-dist/fonts/type1/public/lm/lmr7.pfb><c:/ProgramData/TinyTeX/texmf-dist/fonts/type1/public/lm/lmri10.pfb><c:/ProgramData/TinyTeX/texmf-dist/fonts/type1/public/lm/lmsy10.pfb><c:/ProgramData/TinyTeX/texmf-dist/fonts/type1/public/lm/lmtt10.pfb>
Output written on Thesis_V1.pdf (24 pages, 3643155 bytes).
PDF statistics:
 424 PDF objects out of 1000 (max. 8388607)
 309 compressed objects within 4 object streams
 93 named destinations out of 1000 (max. 500000)
 29444 words of extra memory for PDF output out of 29859 (max. 10000000)

