This is pdfTeX, Version 3.141592653-2.6-1.40.28 (TeX Live 2025) (preloaded format=pdflatex 2025.6.17)  24 JUN 2025 19:38
entering extended mode
 restricted \write18 enabled.
 %&-line parsing enabled.
**Thesis_V2.tex
(./Thesis_V2.tex
LaTeX2e <2025-06-01> patch level 1
L3 programming layer <2025-05-26>
(c:/ProgramData/TinyTeX/texmf-dist/tex/latex/base/article.cls
Document Class: article 2025/01/22 v1.4n Standard LaTeX document class
(c:/ProgramData/TinyTeX/texmf-dist/tex/latex/base/size10.clo
File: size10.clo 2025/01/22 v1.4n Standard LaTeX file (size option)
)
\c@part=\count275
\c@section=\count276
\c@subsection=\count277
\c@subsubsection=\count278
\c@paragraph=\count279
\c@subparagraph=\count280
\c@figure=\count281
\c@table=\count282
\abovecaptionskip=\skip49
\belowcaptionskip=\skip50
\bibindent=\dimen148
) (./arxiv.sty (c:/ProgramData/TinyTeX/texmf-dist/tex/latex/geometry/geometry.sty
Package: geometry 2020/01/02 v5.9 Page Geometry
(c:/ProgramData/TinyTeX/texmf-dist/tex/latex/graphics/keyval.sty
Package: keyval 2022/05/29 v1.15 key=value parser (DPC)
\KV@toks@=\toks17
) (c:/ProgramData/TinyTeX/texmf-dist/tex/generic/iftex/ifvtex.sty
Package: ifvtex 2019/10/25 v1.7 ifvtex legacy package. Use iftex instead.
(c:/ProgramData/TinyTeX/texmf-dist/tex/generic/iftex/iftex.sty
Package: iftex 2024/12/12 v1.0g TeX engine tests
))
\Gm@cnth=\count283
\Gm@cntv=\count284
\c@Gm@tempcnt=\count285
\Gm@bindingoffset=\dimen149
\Gm@wd@mp=\dimen150
\Gm@odd@mp=\dimen151
\Gm@even@mp=\dimen152
\Gm@layoutwidth=\dimen153
\Gm@layoutheight=\dimen154
\Gm@layouthoffset=\dimen155
\Gm@layoutvoffset=\dimen156
\Gm@dimlist=\toks18
) (c:/ProgramData/TinyTeX/texmf-dist/tex/latex/fancyhdr/fancyhdr.sty
Package: fancyhdr 2025/02/07 v5.2 Extensive control of page headers and footers
\f@nch@headwidth=\skip51
\f@nch@offset@elh=\skip52
\f@nch@offset@erh=\skip53
\f@nch@offset@olh=\skip54
\f@nch@offset@orh=\skip55
\f@nch@offset@elf=\skip56
\f@nch@offset@erf=\skip57
\f@nch@offset@olf=\skip58
\f@nch@offset@orf=\skip59
\f@nch@height=\skip60
\f@nch@footalignment=\skip61
\f@nch@widthL=\skip62
\f@nch@widthC=\skip63
\f@nch@widthR=\skip64
\@temptokenb=\toks19
)
\@abovecaptionskip=\skip65
\@belowcaptionskip=\skip66
) (c:/ProgramData/TinyTeX/texmf-dist/tex/latex/base/inputenc.sty
Package: inputenc 2024/02/08 v1.3d Input encoding file
\inpenc@prehook=\toks20
\inpenc@posthook=\toks21
) (c:/ProgramData/TinyTeX/texmf-dist/tex/latex/base/fontenc.sty
Package: fontenc 2024/12/21 v2.1c Standard LaTeX package
LaTeX Font Info:    Trying to load font information for T1+ptm on input line 116.
(c:/ProgramData/TinyTeX/texmf-dist/tex/latex/psnfss/t1ptm.fd
File: t1ptm.fd 2001/06/04 font definitions for T1/ptm.
)) (c:/ProgramData/TinyTeX/texmf-dist/tex/latex/lm/lmodern.sty
Package: lmodern 2015/05/01 v1.6.1 Latin Modern Fonts
LaTeX Font Info:    Overwriting symbol font `operators' in version `normal'
(Font)                  OT1/cmr/m/n --> OT1/lmr/m/n on input line 22.
LaTeX Font Info:    Overwriting symbol font `letters' in version `normal'
(Font)                  OML/cmm/m/it --> OML/lmm/m/it on input line 23.
LaTeX Font Info:    Overwriting symbol font `symbols' in version `normal'
(Font)                  OMS/cmsy/m/n --> OMS/lmsy/m/n on input line 24.
LaTeX Font Info:    Overwriting symbol font `largesymbols' in version `normal'
(Font)                  OMX/cmex/m/n --> OMX/lmex/m/n on input line 25.
LaTeX Font Info:    Overwriting symbol font `operators' in version `bold'
(Font)                  OT1/cmr/bx/n --> OT1/lmr/bx/n on input line 26.
LaTeX Font Info:    Overwriting symbol font `letters' in version `bold'
(Font)                  OML/cmm/b/it --> OML/lmm/b/it on input line 27.
LaTeX Font Info:    Overwriting symbol font `symbols' in version `bold'
(Font)                  OMS/cmsy/b/n --> OMS/lmsy/b/n on input line 28.
LaTeX Font Info:    Overwriting symbol font `largesymbols' in version `bold'
(Font)                  OMX/cmex/m/n --> OMX/lmex/m/n on input line 29.
LaTeX Font Info:    Overwriting math alphabet `\mathbf' in version `normal'
(Font)                  OT1/cmr/bx/n --> OT1/lmr/bx/n on input line 31.
LaTeX Font Info:    Overwriting math alphabet `\mathsf' in version `normal'
(Font)                  OT1/cmss/m/n --> OT1/lmss/m/n on input line 32.
LaTeX Font Info:    Overwriting math alphabet `\mathit' in version `normal'
(Font)                  OT1/cmr/m/it --> OT1/lmr/m/it on input line 33.
LaTeX Font Info:    Overwriting math alphabet `\mathtt' in version `normal'
(Font)                  OT1/cmtt/m/n --> OT1/lmtt/m/n on input line 34.
LaTeX Font Info:    Overwriting math alphabet `\mathbf' in version `bold'
(Font)                  OT1/cmr/bx/n --> OT1/lmr/bx/n on input line 35.
LaTeX Font Info:    Overwriting math alphabet `\mathsf' in version `bold'
(Font)                  OT1/cmss/bx/n --> OT1/lmss/bx/n on input line 36.
LaTeX Font Info:    Overwriting math alphabet `\mathit' in version `bold'
(Font)                  OT1/cmr/bx/it --> OT1/lmr/bx/it on input line 37.
LaTeX Font Info:    Overwriting math alphabet `\mathtt' in version `bold'
(Font)                  OT1/cmtt/m/n --> OT1/lmtt/m/n on input line 38.
) (c:/ProgramData/TinyTeX/texmf-dist/tex/latex/hyperref/hyperref.sty
Package: hyperref 2025-06-21 v7.01n Hypertext links for LaTeX
(c:/ProgramData/TinyTeX/texmf-dist/tex/latex/kvsetkeys/kvsetkeys.sty
Package: kvsetkeys 2022-10-05 v1.19 Key value parser (HO)
) (c:/ProgramData/TinyTeX/texmf-dist/tex/generic/kvdefinekeys/kvdefinekeys.sty
Package: kvdefinekeys 2019-12-19 v1.6 Define keys (HO)
) (c:/ProgramData/TinyTeX/texmf-dist/tex/generic/pdfescape/pdfescape.sty
Package: pdfescape 2019/12/09 v1.15 Implements pdfTeX's escape features (HO)
(c:/ProgramData/TinyTeX/texmf-dist/tex/generic/ltxcmds/ltxcmds.sty
Package: ltxcmds 2023-12-04 v1.26 LaTeX kernel commands for general use (HO)
) (c:/ProgramData/TinyTeX/texmf-dist/tex/generic/pdftexcmds/pdftexcmds.sty
Package: pdftexcmds 2020-06-27 v0.33 Utility functions of pdfTeX for LuaTeX (HO)
(c:/ProgramData/TinyTeX/texmf-dist/tex/generic/infwarerr/infwarerr.sty
Package: infwarerr 2019/12/03 v1.5 Providing info/warning/error messages (HO)
)
Package pdftexcmds Info: \pdf@primitive is available.
Package pdftexcmds Info: \pdf@ifprimitive is available.
Package pdftexcmds Info: \pdfdraftmode found.
)) (c:/ProgramData/TinyTeX/texmf-dist/tex/latex/hycolor/hycolor.sty
Package: hycolor 2020-01-27 v1.10 Color options for hyperref/bookmark (HO)
) (c:/ProgramData/TinyTeX/texmf-dist/tex/latex/hyperref/nameref.sty
Package: nameref 2025-06-21 v2.57 Cross-referencing by name of section
(c:/ProgramData/TinyTeX/texmf-dist/tex/latex/refcount/refcount.sty
Package: refcount 2019/12/15 v3.6 Data extraction from label references (HO)
) (c:/ProgramData/TinyTeX/texmf-dist/tex/generic/gettitlestring/gettitlestring.sty
Package: gettitlestring 2019/12/15 v1.6 Cleanup title references (HO)
(c:/ProgramData/TinyTeX/texmf-dist/tex/latex/kvoptions/kvoptions.sty
Package: kvoptions 2022-06-15 v3.15 Key value format for package options (HO)
))
\c@section@level=\count286
) (c:/ProgramData/TinyTeX/texmf-dist/tex/latex/etoolbox/etoolbox.sty
Package: etoolbox 2025/02/11 v2.5l e-TeX tools for LaTeX (JAW)
\etb@tempcnta=\count287
) (c:/ProgramData/TinyTeX/texmf-dist/tex/generic/stringenc/stringenc.sty
Package: stringenc 2019/11/29 v1.12 Convert strings between diff. encodings (HO)
)
\@linkdim=\dimen157
\Hy@linkcounter=\count288
\Hy@pagecounter=\count289
(c:/ProgramData/TinyTeX/texmf-dist/tex/latex/hyperref/pd1enc.def
File: pd1enc.def 2025-06-21 v7.01n Hyperref: PDFDocEncoding definition (HO)
Now handling font encoding PD1 ...
... no UTF-8 mapping file for font encoding PD1
) (c:/ProgramData/TinyTeX/texmf-dist/tex/generic/intcalc/intcalc.sty
Package: intcalc 2019/12/15 v1.3 Expandable calculations with integers (HO)
)
\Hy@SavedSpaceFactor=\count290
(c:/ProgramData/TinyTeX/texmf-dist/tex/latex/hyperref/puenc.def
File: puenc.def 2025-06-21 v7.01n Hyperref: PDF Unicode definition (HO)
Now handling font encoding PU ...
... no UTF-8 mapping file for font encoding PU
)
Package hyperref Info: Hyper figures OFF on input line 4181.
Package hyperref Info: Link nesting OFF on input line 4186.
Package hyperref Info: Hyper index ON on input line 4189.
Package hyperref Info: Plain pages OFF on input line 4196.
Package hyperref Info: Backreferencing OFF on input line 4201.
Package hyperref Info: Implicit mode ON; LaTeX internals redefined.
Package hyperref Info: Bookmarks ON on input line 4448.
\c@Hy@tempcnt=\count291
(c:/ProgramData/TinyTeX/texmf-dist/tex/latex/url/url.sty
\Urlmuskip=\muskip17
Package: url 2013/09/16  ver 3.4  Verb mode for urls, etc.
)
LaTeX Info: Redefining \url on input line 4787.
\XeTeXLinkMargin=\dimen158
(c:/ProgramData/TinyTeX/texmf-dist/tex/generic/bitset/bitset.sty
Package: bitset 2019/12/09 v1.3 Handle bit-vector datatype (HO)
(c:/ProgramData/TinyTeX/texmf-dist/tex/generic/bigintcalc/bigintcalc.sty
Package: bigintcalc 2019/12/15 v1.5 Expandable calculations on big integers (HO)
))
\Fld@menulength=\count292
\Field@Width=\dimen159
\Fld@charsize=\dimen160
Package hyperref Info: Hyper figures OFF on input line 6066.
Package hyperref Info: Link nesting OFF on input line 6071.
Package hyperref Info: Hyper index ON on input line 6074.
Package hyperref Info: backreferencing OFF on input line 6081.
Package hyperref Info: Link coloring OFF on input line 6086.
Package hyperref Info: Link coloring with OCG OFF on input line 6091.
Package hyperref Info: PDF/A mode OFF on input line 6096.
\Hy@abspage=\count293
\c@Item=\count294
\c@Hfootnote=\count295
)
Package hyperref Info: Driver (autodetected): hpdftex.
(c:/ProgramData/TinyTeX/texmf-dist/tex/latex/hyperref/hpdftex.def
File: hpdftex.def 2025-06-21 v7.01n Hyperref driver for pdfTeX
\Fld@listcount=\count296
\c@bookmark@seq@number=\count297
(c:/ProgramData/TinyTeX/texmf-dist/tex/latex/rerunfilecheck/rerunfilecheck.sty
Package: rerunfilecheck 2025-06-21 v1.11 Rerun checks for auxiliary files (HO)
(c:/ProgramData/TinyTeX/texmf-dist/tex/generic/uniquecounter/uniquecounter.sty
Package: uniquecounter 2019/12/15 v1.4 Provide unlimited unique counter (HO)
)
Package uniquecounter Info: New unique counter `rerunfilecheck' on input line 284.
)
\Hy@SectionHShift=\skip67
) (c:/ProgramData/TinyTeX/texmf-dist/tex/latex/booktabs/booktabs.sty
Package: booktabs 2020/01/12 v1.61803398 Publication quality tables
\heavyrulewidth=\dimen161
\lightrulewidth=\dimen162
\cmidrulewidth=\dimen163
\belowrulesep=\dimen164
\belowbottomsep=\dimen165
\aboverulesep=\dimen166
\abovetopsep=\dimen167
\cmidrulesep=\dimen168
\cmidrulekern=\dimen169
\defaultaddspace=\dimen170
\@cmidla=\count298
\@cmidlb=\count299
\@aboverulesep=\dimen171
\@belowrulesep=\dimen172
\@thisruleclass=\count300
\@lastruleclass=\count301
\@thisrulewidth=\dimen173
) (c:/ProgramData/TinyTeX/texmf-dist/tex/latex/amsfonts/amsfonts.sty
Package: amsfonts 2013/01/14 v3.01 Basic AMSFonts support
\@emptytoks=\toks22
\symAMSa=\mathgroup4
\symAMSb=\mathgroup5
LaTeX Font Info:    Redeclaring math symbol \hbar on input line 98.
LaTeX Font Info:    Overwriting math alphabet `\mathfrak' in version `bold'
(Font)                  U/euf/m/n --> U/euf/b/n on input line 106.
) (c:/ProgramData/TinyTeX/texmf-dist/tex/latex/units/nicefrac.sty
Package: nicefrac 1998/08/04 v0.9b Nice fractions
\L@UnitsRaiseDisplaystyle=\skip68
\L@UnitsRaiseTextstyle=\skip69
\L@UnitsRaiseScriptstyle=\skip70
(c:/ProgramData/TinyTeX/texmf-dist/tex/latex/base/ifthen.sty
Package: ifthen 2024/03/16 v1.1e Standard LaTeX ifthen package (DPC)
)) (c:/ProgramData/TinyTeX/texmf-dist/tex/latex/microtype/microtype.sty
Package: microtype 2025/02/11 v3.2a Micro-typographical refinements (RS)
\MT@toks=\toks23
\MT@tempbox=\box53
\MT@count=\count302
LaTeX Info: Redefining \noprotrusionifhmode on input line 1087.
LaTeX Info: Redefining \leftprotrusion on input line 1088.
\MT@prot@toks=\toks24
LaTeX Info: Redefining \rightprotrusion on input line 1107.
LaTeX Info: Redefining \textls on input line 1449.
\MT@outer@kern=\dimen174
LaTeX Info: Redefining \microtypecontext on input line 2053.
LaTeX Info: Redefining \textmicrotypecontext on input line 2070.
\MT@listname@count=\count303
(c:/ProgramData/TinyTeX/texmf-dist/tex/latex/microtype/microtype-pdftex.def
File: microtype-pdftex.def 2025/02/11 v3.2a Definitions specific to pdftex (RS)
LaTeX Info: Redefining \lsstyle on input line 944.
LaTeX Info: Redefining \lslig on input line 944.
\MT@outer@space=\skip71
)
Package microtype Info: Loading configuration file microtype.cfg.
(c:/ProgramData/TinyTeX/texmf-dist/tex/latex/microtype/microtype.cfg
File: microtype.cfg 2025/02/11 v3.2a microtype main configuration file (RS)
)
LaTeX Info: Redefining \microtypesetup on input line 3065.
) (c:/ProgramData/TinyTeX/texmf-dist/tex/latex/graphics/graphicx.sty
Package: graphicx 2024/12/31 v1.2e Enhanced LaTeX Graphics (DPC,SPQR)
(c:/ProgramData/TinyTeX/texmf-dist/tex/latex/graphics/graphics.sty
Package: graphics 2024/08/06 v1.4g Standard LaTeX Graphics (DPC,SPQR)
(c:/ProgramData/TinyTeX/texmf-dist/tex/latex/graphics/trig.sty
Package: trig 2023/12/02 v1.11 sin cos tan (DPC)
) (c:/ProgramData/TinyTeX/texmf-dist/tex/latex/graphics-cfg/graphics.cfg
File: graphics.cfg 2016/06/04 v1.11 sample graphics configuration
)
Package graphics Info: Driver file: pdftex.def on input line 106.
(c:/ProgramData/TinyTeX/texmf-dist/tex/latex/graphics-def/pdftex.def
File: pdftex.def 2024/04/13 v1.2c Graphics/color driver for pdftex
))
\Gin@req@height=\dimen175
\Gin@req@width=\dimen176
)
\cslhangindent=\skip72
\csllabelwidth=\skip73
(c:/ProgramData/TinyTeX/texmf-dist/tex/latex/tools/calc.sty
Package: calc 2025/03/01 v4.3b Infix arithmetic (KKT,FJ)
\calc@Acount=\count304
\calc@Bcount=\count305
\calc@Adimen=\dimen177
\calc@Bdimen=\dimen178
\calc@Askip=\skip74
\calc@Bskip=\skip75
LaTeX Info: Redefining \setlength on input line 86.
LaTeX Info: Redefining \addtolength on input line 87.
\calc@Ccount=\count306
\calc@Cskip=\skip76
) (c:/ProgramData/TinyTeX/texmf-dist/tex/latex/float/float.sty
Package: float 2001/11/08 v1.3d Float enhancements (AL)
\c@float@type=\count307
\float@exts=\toks25
\float@box=\box54
\@float@everytoks=\toks26
\@floatcapt=\box55
) (c:/ProgramData/TinyTeX/texmf-dist/tex/latex/caption/caption.sty
Package: caption 2023/08/05 v3.6o Customizing captions (AR)
(c:/ProgramData/TinyTeX/texmf-dist/tex/latex/caption/caption3.sty
Package: caption3 2023/07/31 v2.4d caption3 kernel (AR)
\caption@tempdima=\dimen179
\captionmargin=\dimen180
\caption@leftmargin=\dimen181
\caption@rightmargin=\dimen182
\caption@width=\dimen183
\caption@indent=\dimen184
\caption@parindent=\dimen185
\caption@hangindent=\dimen186
Package caption Info: Standard document class detected.
)
\c@caption@flags=\count308
\c@continuedfloat=\count309
Package caption Info: float package is loaded.
Package caption Info: hyperref package is loaded.
)
LaTeX Font Info:    Trying to load font information for T1+lmr on input line 82.
(c:/ProgramData/TinyTeX/texmf-dist/tex/latex/lm/t1lmr.fd
File: t1lmr.fd 2015/05/01 v1.6.1 Font defs for Latin Modern
) (c:/ProgramData/TinyTeX/texmf-dist/tex/latex/l3backend/l3backend-pdftex.def
File: l3backend-pdftex.def 2025-04-14 L3 backend support: PDF output (pdfTeX)
\l__color_backend_stack_int=\count310
) (./Thesis_V2.aux

LaTeX Warning: Label `fig:Model_4' multiply defined.

)
\openout1 = `Thesis_V2.aux'.

LaTeX Font Info:    Checking defaults for OML/cmm/m/it on input line 82.
LaTeX Font Info:    ... okay on input line 82.
LaTeX Font Info:    Checking defaults for OMS/cmsy/m/n on input line 82.
LaTeX Font Info:    ... okay on input line 82.
LaTeX Font Info:    Checking defaults for OT1/cmr/m/n on input line 82.
LaTeX Font Info:    ... okay on input line 82.
LaTeX Font Info:    Checking defaults for T1/cmr/m/n on input line 82.
LaTeX Font Info:    ... okay on input line 82.
LaTeX Font Info:    Checking defaults for TS1/cmr/m/n on input line 82.
LaTeX Font Info:    ... okay on input line 82.
LaTeX Font Info:    Checking defaults for OMX/cmex/m/n on input line 82.
LaTeX Font Info:    ... okay on input line 82.
LaTeX Font Info:    Checking defaults for U/cmr/m/n on input line 82.
LaTeX Font Info:    ... okay on input line 82.
LaTeX Font Info:    Checking defaults for PD1/pdf/m/n on input line 82.
LaTeX Font Info:    ... okay on input line 82.
LaTeX Font Info:    Checking defaults for PU/pdf/m/n on input line 82.
LaTeX Font Info:    ... okay on input line 82.
*geometry* driver: auto-detecting
*geometry* detected driver: pdftex
*geometry* verbose mode - [ preamble ] result:
* driver: pdftex
* paper: letterpaper
* layout: <same size as paper>
* layoutoffset:(h,v)=(0.0pt,0.0pt)
* modes: 
* h-part:(L,W,R)=(92.14519pt, 430.00462pt, 92.14519pt)
* v-part:(T,H,B)=(95.39737pt, 556.47656pt, 143.09605pt)
* \paperwidth=614.295pt
* \paperheight=794.96999pt
* \textwidth=430.00462pt
* \textheight=556.47656pt
* \oddsidemargin=19.8752pt
* \evensidemargin=19.8752pt
* \topmargin=-13.87262pt
* \headheight=12.0pt
* \headsep=25.0pt
* \topskip=10.0pt
* \footskip=30.0pt
* \marginparwidth=65.0pt
* \marginparsep=11.0pt
* \columnsep=10.0pt
* \skip\footins=9.0pt plus 4.0pt minus 2.0pt
* \hoffset=0.0pt
* \voffset=0.0pt
* \mag=1000
* \@twocolumnfalse
* \@twosidefalse
* \@mparswitchfalse
* \@reversemarginfalse
* (1in=72.27pt=25.4mm, 1cm=28.453pt)

*geometry* verbose mode - [ newgeometry ] result:
* driver: pdftex
* paper: letterpaper
* layout: <same size as paper>
* layoutoffset:(h,v)=(0.0pt,0.0pt)
* modes: 
* h-part:(L,W,R)=(72.27pt, 469.75499pt, 72.27pt)
* v-part:(T,H,B)=(72.26999pt, 650.43pt, 72.27pt)
* \paperwidth=614.295pt
* \paperheight=794.96999pt
* \textwidth=469.75499pt
* \textheight=650.43pt
* \oddsidemargin=0.00002pt
* \evensidemargin=0.00002pt
* \topmargin=-39.0pt
* \headheight=14.0pt
* \headsep=25.0pt
* \topskip=10.0pt
* \footskip=30.0pt
* \marginparwidth=65.0pt
* \marginparsep=11.0pt
* \columnsep=10.0pt
* \skip\footins=9.0pt plus 4.0pt minus 2.0pt
* \hoffset=0.0pt
* \voffset=0.0pt
* \mag=1000
* \@twocolumnfalse
* \@twosidefalse
* \@mparswitchfalse
* \@reversemarginfalse
* (1in=72.27pt=25.4mm, 1cm=28.453pt)

Package hyperref Info: Link coloring OFF on input line 82.
(./Thesis_V2.out) (./Thesis_V2.out)
\@outlinefile=\write3
\openout3 = `Thesis_V2.out'.

LaTeX Info: Redefining \microtypecontext on input line 82.
Package microtype Info: Applying patch `item' on input line 82.
Package microtype Info: Applying patch `toc' on input line 82.
Package microtype Info: Applying patch `eqnum' on input line 82.
Package microtype Info: Applying patch `footnote' on input line 82.
Package microtype Info: Applying patch `verbatim' on input line 82.
LaTeX Info: Redefining \microtypesetup on input line 82.
Package microtype Info: Generating PDF output.
Package microtype Info: Character protrusion enabled (level 2).
Package microtype Info: Using default protrusion set `alltext'.
Package microtype Info: Automatic font expansion enabled (level 2),
(microtype)             stretch: 20, shrink: 20, step: 1, non-selected.
Package microtype Info: Using default expansion set `alltext-nott'.

LaTeX Warning: Command \showhyphens   has changed.
               Check if current package is valid.

LaTeX Info: Redefining \showhyphens on input line 82.
Package microtype Info: No adjustment of tracking.
Package microtype Info: No adjustment of interword spacing.
Package microtype Info: No adjustment of character kerning.
(c:/ProgramData/TinyTeX/texmf-dist/tex/latex/microtype/mt-cmr.cfg
File: mt-cmr.cfg 2013/05/19 v2.2 microtype config. file: Computer Modern Roman (RS)
) (c:/ProgramData/TinyTeX/texmf-dist/tex/context/base/mkii/supp-pdf.mkii
[Loading MPS to PDF converter (version 2006.09.02).]
\scratchcounter=\count311
\scratchdimen=\dimen187
\scratchbox=\box56
\nofMPsegments=\count312
\nofMParguments=\count313
\everyMPshowfont=\toks27
\MPscratchCnt=\count314
\MPscratchDim=\dimen188
\MPnumerator=\count315
\makeMPintoPDFobject=\count316
\everyMPtoPDFconversion=\toks28
) (c:/ProgramData/TinyTeX/texmf-dist/tex/latex/epstopdf-pkg/epstopdf-base.sty
Package: epstopdf-base 2020-01-24 v2.11 Base part for package epstopdf
Package epstopdf-base Info: Redefining graphics rule for `.eps' on input line 485.
(c:/ProgramData/TinyTeX/texmf-dist/tex/latex/latexconfig/epstopdf-sys.cfg
File: epstopdf-sys.cfg 2010/07/13 v1.3 Configuration of (r)epstopdf for TeX Live
))
Package caption Info: Begin \AtBeginDocument code.
Package caption Info: End \AtBeginDocument code.
Package microtype Info: Character `029' is missing
(microtype)             in font `T1/lmr/m/sc/17.28'.
(microtype)             Ignoring protrusion settings for this character.
Package microtype Info: Character `029' is missing
(microtype)             in font `T1/lmr/m/sc/10'.
(microtype)             Ignoring protrusion settings for this character.
LaTeX Font Info:    Trying to load font information for OT1+lmr on input line 84.
(c:/ProgramData/TinyTeX/texmf-dist/tex/latex/lm/ot1lmr.fd
File: ot1lmr.fd 2015/05/01 v1.6.1 Font defs for Latin Modern
)
LaTeX Font Info:    Trying to load font information for OML+lmm on input line 84.
(c:/ProgramData/TinyTeX/texmf-dist/tex/latex/lm/omllmm.fd
File: omllmm.fd 2015/05/01 v1.6.1 Font defs for Latin Modern
)
LaTeX Font Info:    Trying to load font information for OMS+lmsy on input line 84.
(c:/ProgramData/TinyTeX/texmf-dist/tex/latex/lm/omslmsy.fd
File: omslmsy.fd 2015/05/01 v1.6.1 Font defs for Latin Modern
)
LaTeX Font Info:    Trying to load font information for OMX+lmex on input line 84.
(c:/ProgramData/TinyTeX/texmf-dist/tex/latex/lm/omxlmex.fd
File: omxlmex.fd 2015/05/01 v1.6.1 Font defs for Latin Modern
)
LaTeX Font Info:    External font `lmex10' loaded for size
(Font)              <10> on input line 84.
LaTeX Font Info:    External font `lmex10' loaded for size
(Font)              <7> on input line 84.
LaTeX Font Info:    External font `lmex10' loaded for size
(Font)              <5> on input line 84.
LaTeX Font Info:    Trying to load font information for U+msa on input line 84.
(c:/ProgramData/TinyTeX/texmf-dist/tex/latex/amsfonts/umsa.fd
File: umsa.fd 2013/01/14 v3.01 AMS symbols A
) (c:/ProgramData/TinyTeX/texmf-dist/tex/latex/microtype/mt-msa.cfg
File: mt-msa.cfg 2006/02/04 v1.1 microtype config. file: AMS symbols (a) (RS)
)
LaTeX Font Info:    Trying to load font information for U+msb on input line 84.
(c:/ProgramData/TinyTeX/texmf-dist/tex/latex/amsfonts/umsb.fd
File: umsb.fd 2013/01/14 v3.01 AMS symbols B
) (c:/ProgramData/TinyTeX/texmf-dist/tex/latex/microtype/mt-msb.cfg
File: mt-msb.cfg 2005/06/01 v1.0 microtype config. file: AMS symbols (b) (RS)
)
LaTeX Font Info:    Trying to load font information for T1+lmtt on input line 84.
(c:/ProgramData/TinyTeX/texmf-dist/tex/latex/lm/t1lmtt.fd
File: t1lmtt.fd 2015/05/01 v1.6.1 Font defs for Latin Modern
)
Package microtype Info: Loading generic protrusion settings for font family
(microtype)             `lmtt' (encoding: T1).
(microtype)             For optimal results, create family-specific settings.
(microtype)             See the microtype manual for details.

LaTeX Font Warning: Font shape `T1/lmr/bx/sc' undefined
(Font)              using `T1/lmr/bx/n' instead on input line 86.



[1


{c:/ProgramData/TinyTeX/texmf-var/fonts/map/pdftex/updmap/pdftex.map}{c:/ProgramData/TinyTeX/texmf-dist/fonts/enc/dvips/lm/lm-ec.enc}{c:/ProgramData/TinyTeX/texmf-dist/fonts/enc/dvips/lm/lm-mathsy.enc}]
Underfull \vbox (badness 10000) has occurred while \output is active []



Package microtype Info: Character `029' is missing
(microtype)             in font `T1/lmr/m/sc/9'.
(microtype)             Ignoring protrusion settings for this character.
[2]
Underfull \vbox (badness 10000) has occurred while \output is active []



[3]
LaTeX Font Info:    Trying to load font information for TS1+lmr on input line 396.
(c:/ProgramData/TinyTeX/texmf-dist/tex/latex/lm/ts1lmr.fd
File: ts1lmr.fd 2015/05/01 v1.6.1 Font defs for Latin Modern
)

[4{c:/ProgramData/TinyTeX/texmf-dist/fonts/enc/dvips/lm/lm-ts1.enc}]

[5]
Underfull \vbox (badness 1490) has occurred while \output is active []



[6]
LaTeX Font Info:    External font `lmex10' loaded for size
(Font)              <9> on input line 617.
LaTeX Font Info:    External font `lmex10' loaded for size
(Font)              <6> on input line 617.


[7{c:/ProgramData/TinyTeX/texmf-dist/fonts/enc/dvips/lm/lm-mathit.enc}{c:/ProgramData/TinyTeX/texmf-dist/fonts/enc/dvips/lm/lm-rm.enc}{c:/ProgramData/TinyTeX/texmf-dist/fonts/enc/dvips/lm/lm-mathex.enc}]
Underfull \hbox (badness 6893) in paragraph at lines 728--731
[]\T1/lmr/m/n/10 (+20) Primary_Vax_Rate ~ age_12to17_logratio + age_18to54_logratio + age_55to64_logratio +
 []


Underfull \hbox (badness 6893) in paragraph at lines 743--750
[]\T1/lmr/m/n/10 (+20) Primary_Vax_Rate ~ age_12to17_logratio + age_18to54_logratio + age_55to64_logratio +
 []


Underfull \hbox (badness 10000) in paragraph at lines 743--750
\T1/lmr/m/n/10 (+20) + edu_Apprenticeship_logratio + edu_HonoursBachelor_logratio + health_VeryBad_logratio
 []


Underfull \hbox (badness 6348) in paragraph at lines 743--750
\T1/lmr/m/n/10 (+20) + health_Bad_logratio + health_Fair_logratio + health_Good_logratio + male_logratio +
 []


Underfull \vbox (badness 1490) has occurred while \output is active []



[8]
Underfull \hbox (badness 6893) in paragraph at lines 774--782
[]\T1/lmr/m/n/10 (+20) Primary_Vax_Rate ~ age_12to17_logratio + age_18to54_logratio + age_55to64_logratio +
 []


Underfull \hbox (badness 10000) in paragraph at lines 774--782
\T1/lmr/m/n/10 (+20) + edu_Apprenticeship_logratio + edu_HonoursBachelor_logratio + health_VeryBad_logratio
 []


Underfull \hbox (badness 6348) in paragraph at lines 774--782
\T1/lmr/m/n/10 (+20) + health_Bad_logratio + health_Fair_logratio + health_Good_logratio + male_logratio +
 []


Underfull \hbox (badness 6893) in paragraph at lines 797--805
[]\T1/lmr/m/n/10 (+20) Primary_Vax_Rate ~ age_12to17_logratio + age_18to54_logratio + age_55to64_logratio +
 []


Underfull \hbox (badness 10000) in paragraph at lines 797--805
\T1/lmr/m/n/10 (+20) + edu_Apprenticeship_logratio + edu_HonoursBachelor_logratio + health_VeryBad_logratio
 []


Underfull \hbox (badness 6348) in paragraph at lines 797--805
\T1/lmr/m/n/10 (+20) + health_Bad_logratio + health_Fair_logratio + health_Good_logratio + male_logratio +
 []


Underfull \vbox (badness 10000) has occurred while \output is active []



[9]
<Figures/sigmoid_curve.png, id=124, 578.16pt x 433.62pt>
File: Figures/sigmoid_curve.png Graphic file (type png)
<use Figures/sigmoid_curve.png>
Package pdftex.def Info: Figures/sigmoid_curve.png  used on input line 874.
(pdftex.def)             Requested size: 375.80542pt x 281.84966pt.

Package hyperref Warning: Difference (2) between bookmark levels is greater 
(hyperref)                than one, level fixed on input line 899.



[10 <./Figures/sigmoid_curve.png>]
<Figures/age_proportion_12to17.png, id=132, 1081.03876pt x 426.393pt>
File: Figures/age_proportion_12to17.png Graphic file (type png)
<use Figures/age_proportion_12to17.png>
Package pdftex.def Info: Figures/age_proportion_12to17.png  used on input line 925.
(pdftex.def)             Requested size: 234.87749pt x 92.64214pt.
<Figures/age_proportion_18to54.png, id=133, 1081.03876pt x 426.393pt>
File: Figures/age_proportion_18to54.png Graphic file (type png)
<use Figures/age_proportion_18to54.png>
Package pdftex.def Info: Figures/age_proportion_18to54.png  used on input line 926.
(pdftex.def)             Requested size: 234.87749pt x 92.64214pt.
<Figures/age_proportion_55to64.png, id=134, 1081.03876pt x 426.393pt>
File: Figures/age_proportion_55to64.png Graphic file (type png)
<use Figures/age_proportion_55to64.png>
Package pdftex.def Info: Figures/age_proportion_55to64.png  used on input line 932.
(pdftex.def)             Requested size: 234.87749pt x 92.64214pt.
<Figures/age_proportion_65to70.png, id=135, 1081.03876pt x 426.393pt>
File: Figures/age_proportion_65to70.png Graphic file (type png)
<use Figures/age_proportion_65to70.png>
Package pdftex.def Info: Figures/age_proportion_65to70.png  used on input line 933.
(pdftex.def)             Requested size: 234.87749pt x 92.64214pt.
<Figures/age_proportion_71plus.png, id=136, 1081.03876pt x 426.393pt>
File: Figures/age_proportion_71plus.png Graphic file (type png)
<use Figures/age_proportion_71plus.png>
Package pdftex.def Info: Figures/age_proportion_71plus.png  used on input line 939.
(pdftex.def)             Requested size: 234.87749pt x 92.64214pt.


[11 <./Figures/age_proportion_12to17.png> <./Figures/age_proportion_18to54.png> <./Figures/age_proportion_55to64.png> <./Figures/age_proportion_65to70.png> <./Figures/age_proportion_71plus.png>]
<Figures/health_proportion_VeryBad.png, id=149, 1081.03876pt x 426.393pt>
File: Figures/health_proportion_VeryBad.png Graphic file (type png)
<use Figures/health_proportion_VeryBad.png>
Package pdftex.def Info: Figures/health_proportion_VeryBad.png  used on input line 1001.
(pdftex.def)             Requested size: 234.87749pt x 92.64214pt.
<Figures/health_proportion_bad.png, id=150, 1081.03876pt x 426.393pt>
File: Figures/health_proportion_bad.png Graphic file (type png)
<use Figures/health_proportion_bad.png>
Package pdftex.def Info: Figures/health_proportion_bad.png  used on input line 1002.
(pdftex.def)             Requested size: 234.87749pt x 92.64214pt.
<Figures/health_proportion_fair.png, id=151, 1081.03876pt x 426.393pt>
File: Figures/health_proportion_fair.png Graphic file (type png)
<use Figures/health_proportion_fair.png>
Package pdftex.def Info: Figures/health_proportion_fair.png  used on input line 1003.
(pdftex.def)             Requested size: 234.87749pt x 92.64214pt.
<Figures/health_proportion_good.png, id=152, 1081.03876pt x 426.393pt>
File: Figures/health_proportion_good.png Graphic file (type png)
<use Figures/health_proportion_good.png>
Package pdftex.def Info: Figures/health_proportion_good.png  used on input line 1004.
(pdftex.def)             Requested size: 234.87749pt x 92.64214pt.
<Figures/health_proportion_VeryGood.png, id=153, 1081.03876pt x 426.393pt>
File: Figures/health_proportion_VeryGood.png Graphic file (type png)
<use Figures/health_proportion_VeryGood.png>
Package pdftex.def Info: Figures/health_proportion_VeryGood.png  used on input line 1005.
(pdftex.def)             Requested size: 234.87749pt x 92.64214pt.

Underfull \vbox (badness 10000) has occurred while \output is active []



[12]

[13 <./Figures/health_proportion_VeryBad.png> <./Figures/health_proportion_bad.png> <./Figures/health_proportion_fair.png> <./Figures/health_proportion_good.png> <./Figures/health_proportion_VeryGood.png>]
<Figures/deprivation_index.png, id=169, 688.37175pt x 426.393pt>
File: Figures/deprivation_index.png Graphic file (type png)
<use Figures/deprivation_index.png>
Package pdftex.def Info: Figures/deprivation_index.png  used on input line 1048.
(pdftex.def)             Requested size: 211.3883pt x 130.93777pt.
<Figures/female_unemployment_rate.png, id=170, 688.37175pt x 426.393pt>
File: Figures/female_unemployment_rate.png Graphic file (type png)
<use Figures/female_unemployment_rate.png>
Package pdftex.def Info: Figures/female_unemployment_rate.png  used on input line 1049.
(pdftex.def)             Requested size: 211.3883pt x 130.93777pt.
<Figures/male_unemployment_rate.png, id=171, 688.37175pt x 426.393pt>
File: Figures/male_unemployment_rate.png Graphic file (type png)
<use Figures/male_unemployment_rate.png>
Package pdftex.def Info: Figures/male_unemployment_rate.png  used on input line 1050.
(pdftex.def)             Requested size: 211.3883pt x 130.93777pt.
<Figures/Model_1.png, id=172, 516.42938pt x 306.39468pt>
File: Figures/Model_1.png Graphic file (type png)
<use Figures/Model_1.png>
Package pdftex.def Info: Figures/Model_1.png  used on input line 1076.
(pdftex.def)             Requested size: 375.80542pt x 222.96965pt.

Underfull \vbox (badness 10000) has occurred while \output is active []



[14 <./Figures/deprivation_index.png (PNG copy)> <./Figures/female_unemployment_rate.png (PNG copy)> <./Figures/male_unemployment_rate.png (PNG copy)>]
<Figures/marginal_effects_age0.png, id=178, 578.16pt x 433.62pt>
File: Figures/marginal_effects_age0.png Graphic file (type png)
<use Figures/marginal_effects_age0.png>
Package pdftex.def Info: Figures/marginal_effects_age0.png  used on input line 1083.
(pdftex.def)             Requested size: 211.3883pt x 158.53795pt.
<Figures/marginal_effects_sex0.png, id=179, 578.16pt x 433.62pt>
File: Figures/marginal_effects_sex0.png Graphic file (type png)
<use Figures/marginal_effects_sex0.png>
Package pdftex.def Info: Figures/marginal_effects_sex0.png  used on input line 1084.
(pdftex.def)             Requested size: 211.3883pt x 158.53795pt.
<Figures/Model_2.png, id=180, 1197.72469pt x 671.50874pt>
File: Figures/Model_2.png Graphic file (type png)
<use Figures/Model_2.png>
Package pdftex.def Info: Figures/Model_2.png  used on input line 1118.
(pdftex.def)             Requested size: 375.80542pt x 210.69641pt.


[15 <./Figures/Model_1.png> <./Figures/marginal_effects_age0.png> <./Figures/marginal_effects_sex0.png>]
<Figures/marginal_effects_age.png, id=191, 578.16pt x 433.62pt>
File: Figures/marginal_effects_age.png Graphic file (type png)
<use Figures/marginal_effects_age.png>
Package pdftex.def Info: Figures/marginal_effects_age.png  used on input line 1137.
(pdftex.def)             Requested size: 211.3883pt x 158.53795pt.
<Figures/marginal_effects_sex.png, id=192, 578.16pt x 433.62pt>
File: Figures/marginal_effects_sex.png Graphic file (type png)
<use Figures/marginal_effects_sex.png>
Package pdftex.def Info: Figures/marginal_effects_sex.png  used on input line 1138.
(pdftex.def)             Requested size: 211.3883pt x 158.53795pt.
<Figures/marginal_effects_education.png, id=193, 578.16pt x 433.62pt>
File: Figures/marginal_effects_education.png Graphic file (type png)
<use Figures/marginal_effects_education.png>
Package pdftex.def Info: Figures/marginal_effects_education.png  used on input line 1139.
(pdftex.def)             Requested size: 211.3883pt x 158.53795pt.
<Figures/marginal_effects_health.png, id=194, 578.16pt x 433.62pt>
File: Figures/marginal_effects_health.png Graphic file (type png)
<use Figures/marginal_effects_health.png>
Package pdftex.def Info: Figures/marginal_effects_health.png  used on input line 1140.
(pdftex.def)             Requested size: 211.3883pt x 158.53795pt.
<Figures/marginal_effects_access.png, id=195, 578.16pt x 433.62pt>
File: Figures/marginal_effects_access.png Graphic file (type png)
<use Figures/marginal_effects_access.png>
Package pdftex.def Info: Figures/marginal_effects_access.png  used on input line 1141.
(pdftex.def)             Requested size: 211.3883pt x 158.53795pt.
<Figures/Model_3.png, id=196, 1048.66782pt x 672.26157pt>
File: Figures/Model_3.png Graphic file (type png)
<use Figures/Model_3.png>
Package pdftex.def Info: Figures/Model_3.png  used on input line 1166.
(pdftex.def)             Requested size: 375.80542pt x 240.91638pt.

Underfull \vbox (badness 10000) has occurred while \output is active []



[16 <./Figures/Model_2.png>]

[17 <./Figures/marginal_effects_age.png> <./Figures/marginal_effects_sex.png> <./Figures/marginal_effects_education.png> <./Figures/marginal_effects_health.png> <./Figures/marginal_effects_access.png>]
<Figures/Model_4.png, id=213, 1225.57875pt x 677.53125pt>
File: Figures/Model_4.png Graphic file (type png)
<use Figures/Model_4.png>
Package pdftex.def Info: Figures/Model_4.png  used on input line 1199.
(pdftex.def)             Requested size: 281.85585pt x 155.81856pt.


[18 <./Figures/Model_3.png> <./Figures/Model_4.png>]
<Figures/depri_plot.png, id=222, 578.16pt x 433.62pt>
File: Figures/depri_plot.png Graphic file (type png)
<use Figures/depri_plot.png>
Package pdftex.def Info: Figures/depri_plot.png  used on input line 1224.
(pdftex.def)             Requested size: 234.87749pt x 176.15768pt.
<Figures/Model_5.png, id=223, 971.12813pt x 436.63126pt>
File: Figures/Model_5.png Graphic file (type png)
<use Figures/Model_5.png>
Package pdftex.def Info: Figures/Model_5.png  used on input line 1241.
(pdftex.def)             Requested size: 375.80542pt x 168.96634pt.
<Figures/plot_male_jd.png, id=224, 578.16pt x 433.62pt>
File: Figures/plot_male_jd.png Graphic file (type png)
<use Figures/plot_male_jd.png>
Package pdftex.def Info: Figures/plot_male_jd.png  used on input line 1248.
(pdftex.def)             Requested size: 211.3883pt x 158.53795pt.
<Figures/plot_female_jd.png, id=225, 578.16pt x 433.62pt>
File: Figures/plot_female_jd.png Graphic file (type png)
<use Figures/plot_female_jd.png>
Package pdftex.def Info: Figures/plot_female_jd.png  used on input line 1249.
(pdftex.def)             Requested size: 211.3883pt x 158.53795pt.


[19 <./Figures/depri_plot.png> <./Figures/Model_5.png>]
File: Figures/Model_5.png Graphic file (type png)
<use Figures/Model_5.png>
Package pdftex.def Info: Figures/Model_5.png  used on input line 1270.
(pdftex.def)             Requested size: 375.80542pt x 168.96634pt.
<Figures/Top_LEA.png, id=235, 578.16pt x 433.62pt>
File: Figures/Top_LEA.png Graphic file (type png)
<use Figures/Top_LEA.png>
Package pdftex.def Info: Figures/Top_LEA.png  used on input line 1300.
(pdftex.def)             Requested size: 375.80542pt x 281.84966pt.


[20 <./Figures/plot_male_jd.png> <./Figures/plot_female_jd.png>]
<Figures/Bottom_LEA.png, id=244, 578.16pt x 433.62pt>
File: Figures/Bottom_LEA.png Graphic file (type png)
<use Figures/Bottom_LEA.png>
Package pdftex.def Info: Figures/Bottom_LEA.png  used on input line 1307.
(pdftex.def)             Requested size: 375.80542pt x 281.84966pt.

Underfull \vbox (badness 10000) has occurred while \output is active []



[21 <./Figures/Top_LEA.png> <./Figures/Bottom_LEA.png>]
Underfull \vbox (badness 10000) has occurred while \output is active []



[22]
Overfull \hbox (94.77563pt too wide) in paragraph at lines 1472--1476
\T1/lmtt/m/n/10 minister-[]for-[]health-[]confirms-[]that-[]irelands-[]covid-[]19-[]vaccination-[]programme-[]will-[]open-[]to-[]12-[]15-[]year-[]olds/$[]\T1/lmr/m/n/10 (-20) . 
 []


Underfull \hbox (badness 2717) in paragraph at lines 1495--1498
\T1/lmr/m/n/10 (+20) part-ment of Health. 2020. []$\T1/lmtt/m/n/10 https : / / www . gov . ie / en / department-[]of-[]health / publications /
 []


Underfull \hbox (badness 6016) in paragraph at lines 1500--1503
[]\T1/lmr/m/n/10 (+20) Health Pro-tec-tion Surveil-lance Cen-tre. 2021a. ``COVID-19 Vac-ci-na-tion Up-take Re-ports
 []


Underfull \hbox (badness 7326) in paragraph at lines 1500--1503
\T1/lmr/m/n/10 (+20) -- 2021.'' 2021. []$\T1/lmtt/m/n/10 https : / / www . hpsc . ie / a-[]z / respiratory / coronavirus / novelcoronavirus /
 []


Underfull \hbox (badness 3058) in paragraph at lines 1505--1508
[]\T1/lmr/m/n/10 (+20) ---------. 2021b. ``Vac-ci-na-tion Up-take in Ire-land Weekly Re-port Week 52, 2021.'' 2021.
 []


Underfull \hbox (badness 10000) in paragraph at lines 1505--1508
[]$\T1/lmtt/m/n/10 https : / / www . hpsc . ie / a-[]z / respiratory / coronavirus / novelcoronavirus / vaccination /
 []


Underfull \hbox (badness 10000) in paragraph at lines 1505--1508
\T1/lmtt/m/n/10 covid-[]19vaccinationuptakereports / 2021 / Vaccination % 20Uptake % 20in % 20Ireland % 20Weekly %
 []


Underfull \hbox (badness 10000) in paragraph at lines 1510--1513
[]\T1/lmr/m/n/10 (+20) Health Ser-vice Ex-ec-u-tive. 2021a. ``COVID-19 Vac-ci-na-tion Cen-tres and Walk-Ins.''
 []


Underfull \hbox (badness 10000) in paragraph at lines 1510--1513
\T1/lmr/m/n/10 (+20) 2021. []$\T1/lmtt/m/n/10 https : / / web . archive . org / web / 20211229085102 / https : / / www2 . hse . ie / services /
 []



[23]
Underfull \hbox (badness 1132) in paragraph at lines 1552--1556
\T1/lmr/m/it/10 (+20) ory and Prac-tice with R\T1/lmr/m/n/10 (+20) . Chap-man; Hall/CRC. []$\T1/lmtt/m/n/10 https : / / www . paulamoraga . com / book-[]spatial /
 []


Underfull \hbox (badness 6284) in paragraph at lines 1564--1566
[]\T1/lmr/m/n/10 (+20) Pobal. 2022. ``Pobal HP De-pri-va-tion In-dex 2022.'' 2022. []$\T1/lmtt/m/n/10 https : / / www . pobal . ie /
 []


Underfull \hbox (badness 2057) in paragraph at lines 1590--1593
[]\T1/lmr/m/n/10 (+20) WHO Eu-ro-pean Ob-ser-va-tory on Health Sys-tems and Poli-cies. [2021]. ``Re-sponses Archive.''
 []


Underfull \hbox (badness 4441) in paragraph at lines 1590--1593
\T1/lmr/m/n/10 (+20) [2021]. []$\T1/lmtt/m/n/10 https : / / eurohealthobservatory . who . int / monitors / hsrm / all-[]updates / hsrm / ireland /
 []

No file Thesis_V2.bbl.


[24] (./Thesis_V2.aux)
 ***********
LaTeX2e <2025-06-01> patch level 1
L3 programming layer <2025-05-26>
 ***********

LaTeX Font Warning: Some font shapes were not available, defaults substituted.


LaTeX Warning: There were multiply-defined labels.

Package rerunfilecheck Info: File `Thesis_V2.out' has not changed.
(rerunfilecheck)             Checksum: 6DA535841FAF280635388373889B184A;2188.
 ) 
Here is how much of TeX's memory you used:
 14029 strings out of 469824
 233193 string characters out of 5483040
 668905 words of memory out of 5000000
 41871 multiletter control sequences out of 15000+600000
 698660 words of font info for 172 fonts, out of 8000000 for 9000
 36 hyphenation exceptions out of 8191
 75i,13n,79p,1006b,541s stack positions out of 10000i,1000n,20000p,200000b,200000s
<c:/ProgramData/TinyTeX/texmf-dist/fonts/type1/public/lm/lmbx10.pfb><c:/ProgramData/TinyTeX/texmf-dist/fonts/type1/public/lm/lmbx12.pfb><c:/ProgramData/TinyTeX/texmf-dist/fonts/type1/public/lm/lmbxi10.pfb><c:/ProgramData/TinyTeX/texmf-dist/fonts/type1/public/lm/lmcsc10.pfb><c:/ProgramData/TinyTeX/texmf-dist/fonts/type1/public/lm/lmex10.pfb><c:/ProgramData/TinyTeX/texmf-dist/fonts/type1/public/lm/lmmi10.pfb><c:/ProgramData/TinyTeX/texmf-dist/fonts/type1/public/lm/lmmi7.pfb><c:/ProgramData/TinyTeX/texmf-dist/fonts/type1/public/lm/lmr10.pfb><c:/ProgramData/TinyTeX/texmf-dist/fonts/type1/public/lm/lmr6.pfb><c:/ProgramData/TinyTeX/texmf-dist/fonts/type1/public/lm/lmr7.pfb><c:/ProgramData/TinyTeX/texmf-dist/fonts/type1/public/lm/lmri10.pfb><c:/ProgramData/TinyTeX/texmf-dist/fonts/type1/public/lm/lmsy10.pfb><c:/ProgramData/TinyTeX/texmf-dist/fonts/type1/public/lm/lmtt10.pfb><c:/ProgramData/TinyTeX/texmf-dist/fonts/type1/public/lm/lmtt9.pfb>
Output written on Thesis_V2.pdf (24 pages, 3712242 bytes).
PDF statistics:
 450 PDF objects out of 1000 (max. 8388607)
 330 compressed objects within 4 object streams
 93 named destinations out of 1000 (max. 500000)
 40212 words of extra memory for PDF output out of 42996 (max. 10000000)

